Archive member included because of file (symbol)

../bwlib\liblimage.a(imageL_encode.o)
                              ./Debug/taskPhotoEncode.c.o (imageEncodeQuadStart)
../bwlib\libeffect.a(user_effect.o)
                              ./Debug/multimedia_user_media.c.o (warpHandle)
../bwlib\libmp3.a(mp3_decode_api.o)
                              ./Debug/taskAudioPlayer.c.o (mp3_dac_memInit)
../bwlib\libmp3.a(decoder.o)  ../bwlib\libmp3.a(mp3_decode_api.o) (mad_decoder_init)
../bwlib\libmp3.a(stream.o)   ../bwlib\libmp3.a(decoder.o) (mad_stream_init)
../bwlib\libmp3.a(synth.o)    ../bwlib\libmp3.a(decoder.o) (mad_synth_init)
../bwlib\libmp3.a(bit.o)      ../bwlib\libmp3.a(stream.o) (mad_bit_init)
../bwlib\libmp3.a(frame.o)    ../bwlib\libmp3.a(decoder.o) (mad_frame_finish)
../bwlib\libmp3.a(layer12.o)  ../bwlib\libmp3.a(frame.o) (mad_layer_I)
../bwlib\libmp3.a(timer.o)    ../bwlib\libmp3.a(frame.o) (mad_timer_set)
../bwlib\libmp3.a(layer3.o)   ../bwlib\libmp3.a(frame.o) (mad_layer_III)
../bwlib\libmp3.a(huffman.o)  ../bwlib\libmp3.a(layer3.o) (mad_huff_pair_table)
../bwlib\libsd.a(ax32xx_sd.o)
                              ./Debug/src_hal_sd.c.o (ax32xx_sd0Init)
../bwlib\libavi.a(aviEncoder.o)
                              ./Debug/video_video_record.c.o (aviEncodeInit)
../bwlib\libavi.a(encoder_std.o)
                              ../bwlib\libavi.a(aviEncoder.o) (avi_encoder_std)
../bwlib\libavi.a(encoder_odml.o)
                              ../bwlib\libavi.a(aviEncoder.o) (avi_odmlAddoffset)
../bwlib\libavi.a(aviDecoder.o)
                              ./Debug/video_video_playback.c.o (aviDecodeInit)
../bwlib\libavi.a(decoder_std.o)
                              ../bwlib\libavi.a(aviDecoder.o) (avi_standard)
../bwlib\libavi.a(decoder_odml.o)
                              ../bwlib\libavi.a(aviDecoder.o) (avi_opendml)
../bwlib\libfs.a(fs.o)        ./Debug/taskSysScanDevice.c.o (fs_nodeinit)
../bwlib\libfs.a(diskio.o)    ./Debug/main.c.o (fs_init)
../bwlib\libfs.a(ff.o)        ../bwlib\libfs.a(fs.o) (clst2sect)
../bwlib\libfs.a(ffunicode.o)
                              ../bwlib\libfs.a(ff.o) (ff_uni2oem)
C:/MinGW-4.7.1/or1k-elf/lib/no-delay\libc.a(lib_a-memcmp.o)
                              ../bwlib\libfs.a(ff.o) (memcmp)
C:/MinGW-4.7.1/or1k-elf/lib/no-delay\libc.a(lib_a-memcpy.o)
                              ./Debug/resource_manager.c.o (memcpy)
C:/MinGW-4.7.1/or1k-elf/lib/no-delay\libc.a(lib_a-memmove.o)
                              ./Debug/game_tetris.c.o (memmove)
C:/MinGW-4.7.1/or1k-elf/lib/no-delay\libc.a(lib_a-memset.o)
                              ./Debug/main.c.o (memset)
C:/MinGW-4.7.1/or1k-elf/lib/no-delay\libc.a(lib_a-strcasecmp.o)
                              ./Debug/resource_manager.c.o (strcasecmp)
C:/MinGW-4.7.1/or1k-elf/lib/no-delay\libc.a(lib_a-strcat.o)
                              ./Debug/resource_manager.c.o (strcat)
C:/MinGW-4.7.1/or1k-elf/lib/no-delay\libc.a(lib_a-strchr.o)
                              ../bwlib\libfs.a(ff.o) (strchr)
C:/MinGW-4.7.1/or1k-elf/lib/no-delay\libc.a(lib_a-strcmp.o)
                              ./Debug/resource_manager.c.o (strcmp)
C:/MinGW-4.7.1/or1k-elf/lib/no-delay\libc.a(lib_a-strcpy.o)
                              ./Debug/resource_manager.c.o (strcpy)
C:/MinGW-4.7.1/or1k-elf/lib/no-delay\libc.a(lib_a-strlen.o)
                              ./Debug/resource_manager.c.o (strlen)
C:/MinGW-4.7.1/or1k-elf/lib/no-delay\libc.a(lib_a-strncmp.o)
                              ./Debug/resource_manager.c.o (strncmp)
C:/MinGW-4.7.1/or1k-elf/lib/no-delay\libc.a(lib_a-strstr.o)
                              ../bwlib\liblimage.a(imageL_encode.o) (strstr)
C:/MinGW-4.7.1/or1k-elf/lib/no-delay\libc.a(lib_a-ctype_.o)
                              C:/MinGW-4.7.1/or1k-elf/lib/no-delay\libc.a(lib_a-strcasecmp.o) (__ctype_ptr__)
C:/MinGW-4.7.1/or1k-elf/lib/no-delay\libc.a(lib_a-memchr.o)
                              C:/MinGW-4.7.1/or1k-elf/lib/no-delay\libc.a(lib_a-strstr.o) (memchr)
C:/MinGW-4.7.1/lib/gcc/or1k-elf/4.9.1/no-delay\libgcc.a(_muldi3.o)
                              ../bwlib\libmp3.a(mp3_decode_api.o) (__muldi3)
C:/MinGW-4.7.1/lib/gcc/or1k-elf/4.9.1/no-delay\libgcc.a(_udivdi3.o)
                              ../bwlib\libmp3.a(mp3_decode_api.o) (__udivdi3)
C:/MinGW-4.7.1/lib/gcc/or1k-elf/4.9.1/no-delay\libgcc.a(addsf3.o)
                              ../bwlib\libeffect.a(user_effect.o) (__addsf3)
C:/MinGW-4.7.1/lib/gcc/or1k-elf/4.9.1/no-delay\libgcc.a(divsf3.o)
                              ../bwlib\libeffect.a(user_effect.o) (__divsf3)
C:/MinGW-4.7.1/lib/gcc/or1k-elf/4.9.1/no-delay\libgcc.a(eqsf2.o)
                              ../bwlib\libeffect.a(user_effect.o) (__eqsf2)
C:/MinGW-4.7.1/lib/gcc/or1k-elf/4.9.1/no-delay\libgcc.a(gesf2.o)
                              ../bwlib\libeffect.a(user_effect.o) (__gtsf2)
C:/MinGW-4.7.1/lib/gcc/or1k-elf/4.9.1/no-delay\libgcc.a(mulsf3.o)
[...]
Memory Configuration

Name             Origin             Length             Attributes
boot             0x01fffc00         0x00000200
ram_boot         0x00000000         0x00005000
ram_user         0x00000000         0x00005000
usbfifo          0x00008000         0x00001000
sdram            0x02000000         0x00200000
exsdram          0x00000000         0x00800000
*default*        0x00000000         0xffffffff

Linker script and memory map

LOAD ./Debug/ax32xx_reset.S.o
LOAD ./Debug/ax32xx_spi_boot_cfg.S.o
LOAD ./Debug/ax32xx_BLDRX32.S.o
LOAD ./Debug/main.c.o
LOAD ./Debug/resource_manager.c.o
LOAD ./Debug/board.c.o
LOAD ./Debug/board_bwv1.c.o
LOAD ./Debug/config.c.o
LOAD ./Debug/display.c.o
LOAD ./Debug/explorer.c.o
LOAD ./Debug/filelist.c.o
LOAD ./Debug/font.c.o
LOAD ./Debug/icon.c.o
LOAD ./Debug/configGetValue.c.o
LOAD ./Debug/configSystem.c.o
LOAD ./Debug/logo.c.o
LOAD ./Debug/menuMovieRec.c.o
LOAD ./Debug/msgDeal.c.o
LOAD ./Debug/msgSysRecommend.c.o
LOAD ./Debug/msgSysUnshielded.c.o
LOAD ./Debug/taskManage.c.o
LOAD ./Debug/taskPhotoEncode.c.o
LOAD ./Debug/taskPhotoEncodeMsg.c.o
LOAD ./Debug/taskPlayBack.c.o
LOAD ./Debug/taskPlayBackMsg.c.o
LOAD ./Debug/taskPowerOff.c.o
LOAD ./Debug/taskSysScanDevice.c.o
LOAD ./Debug/taskUsbDevice.c.o
LOAD ./Debug/taskVideoRecord.c.o
LOAD ./Debug/taskVideoRecordMsg.c.o
LOAD ./Debug/toolFunc.c.o
LOAD ./Debug/uiMenuDateTimeMsg.c.o
LOAD ./Debug/uiMenuDefaultMsg.c.o
LOAD ./Debug/uiMenuDelAllMsg.c.o
LOAD ./Debug/uiMenuDelCurMsg.c.o
LOAD ./Debug/uiMenuFormatMsg.c.o
LOAD ./Debug/uiMenuItemMsg.c.o
LOAD ./Debug/uiPhotoSettingMsg.c.o
LOAD ./Debug/uiMenuOptionMsg.c.o
LOAD ./Debug/uiMenuUsbMsg.c.o
LOAD ./Debug/uiNoFileMsg.c.o
LOAD ./Debug/uiTips1Msg.c.o
LOAD ./Debug/uiTipsMsg.c.o
LOAD ./Debug/uiWin.c.o
LOAD ./Debug/uiMenuVersionMsg.c.o
LOAD ./Debug/taskAudioPlayer.c.o
LOAD ./Debug/taskAudioPlayerMsg.c.o
LOAD ./Debug/taskAudioPlayerRes.c.o
LOAD ./Debug/taskPhotoEncodeRes.c.o
LOAD ./Debug/taskPlayBackRes.c.o
LOAD ./Debug/taskVideoRecordRes.c.o
LOAD ./Debug/uiMenuDateTimeRes.c.o
LOAD ./Debug/uiMenuDefaultRes.c.o
LOAD ./Debug/uiMenuDelAllRes.c.o
LOAD ./Debug/uiMenuDelCurRes.c.o
LOAD ./Debug/uiMenuFormatRes.c.o
LOAD ./Debug/uiMenuItemRes.c.o
LOAD ./Debug/uiMenuOptionRes.c.o
LOAD ./Debug/uiMenuUsbRes.c.o
LOAD ./Debug/uiMenuVersionRes.c.o
LOAD ./Debug/uiNoFileRes.c.o
LOAD ./Debug/uiTips1Res.c.o
LOAD ./Debug/uiTipsRes.c.o
LOAD ./Debug/taskMainMenu.c.o
LOAD ./Debug/taskMainMenuMsg.c.o
LOAD ./Debug/taskMainMenuRes.c.o
LOAD ./Debug/taskSettingMenu.c.o
LOAD ./Debug/userInterface.c.o
LOAD ./Debug/upgrade.c.o
LOAD ./Debug/game_block.c.o
LOAD ./Debug/game_snake.c.o
LOAD ./Debug/game_sokoban.c.o
LOAD ./Debug/game_tetris.c.o
LOAD ./Debug/taskGame.c.o
LOAD ./Debug/taskGameMenu.c.o
LOAD ./Debug/taskGameMenuMsg.c.o
LOAD ./Debug/taskGameMenuRes.c.o
LOAD ./Debug/game_plane.c.o
LOAD ./Debug/game_maze.c.o
LOAD ./Debug/menuPhotoSettingRec.c.o
LOAD ./Debug/xos_x_cpu.c.o
LOAD ./Debug/xos_xmbox.c.o
LOAD ./Debug/xos_xmsgq.c.o
LOAD ./Debug/xos_xos.c.o
LOAD ./Debug/xos_xwork.c.o
LOAD ./Debug/multimedia_user_media.c.o
LOAD ./Debug/sUI_button.c.o
LOAD ./Debug/sUI_dialog.c.o
LOAD ./Debug/sUI_frameWin.c.o
LOAD ./Debug/sUI_imageIcon.c.o
LOAD ./Debug/sUI_itemManage.c.o
LOAD ./Debug/sUI_menuItem.c.o
LOAD ./Debug/sUI_menuItemEx.c.o
LOAD ./Debug/sUI_menuOption.c.o
LOAD ./Debug/sUI_progressBar.c.o
LOAD ./Debug/sUI_rect.c.o
LOAD ./Debug/sUI_stringIcon.c.o
LOAD ./Debug/sUI_tips.c.o
LOAD ./Debug/sUI_uiAlloc.c.o
LOAD ./Debug/sUI_widget.c.o
LOAD ./Debug/sUI_winManage.c.o
LOAD ./Debug/sUI_memPool.c.o
LOAD ./Debug/sUI_widgetManage.c.o
LOAD ./Debug/src_ax32xx_int.c.o
LOAD ./Debug/src_ax32xx_sys.c.o
LOAD ./Debug/src_ax32xx_dma.c.o
LOAD ./Debug/src_ax32xx_wdt.c.o
LOAD ./Debug/src_ax32xx_gpio.c.o
LOAD ./Debug/src_ax32xx_uart.c.o
LOAD ./Debug/src_ax32xx_timer.c.o
LOAD ./Debug/src_ax32xx_tminf.c.o
LOAD ./Debug/src_ax32xx_spi.c.o
LOAD ./Debug/src_ax32xx_rtc.c.o
LOAD ./Debug/src_ax32xx_iic.c.o
LOAD ./Debug/src_ax32xx_dac.c.o
LOAD ./Debug/src_ax32xx_adc.c.o
LOAD ./Debug/src_ax32xx_auadc.c.o
LOAD ./Debug/src_jpeg_table.c.o
LOAD ./Debug/src_ax32xx_usb.c.o
LOAD ./Debug/src_ax32xx_misc.c.o
LOAD ./Debug/src_ax32xx_pip.c.o
LOAD ./Debug/src_ax32xx_btuart.c.o
LOAD ./Debug/src_ax32xx_crc.c.o
LOAD ./Debug/src_ax32xx_emi.c.o
LOAD ./Debug/src_ax32xx_rotate.c.o
LOAD ./Debug/src_ax32xx_osdcmp.c.o
LOAD ./Debug/src_ax32xx_isp.c.o
LOAD ./Debug/osd_ax32xx_osd.c.o
LOAD ./Debug/csi_ax32xx_csi.c.o
LOAD ./Debug/lcd_ax32xx_lcd.c.o
LOAD ./Debug/mjpeg_ax32xx_mjpeg.c.o
LOAD ./Debug/resource_user_icon.c.o
LOAD ./Debug/resource_user_str.c.o
LOAD ./Debug/src_hal_adc.c.o
LOAD ./Debug/src_hal_csi.c.o
LOAD ./Debug/src_hal_dac.c.o
LOAD ./Debug/src_hal_eeprom.c.o
LOAD ./Debug/src_hal_gpio.c.o
LOAD ./Debug/src_hal_iic.c.o
LOAD ./Debug/src_hal_lcd.c.o
LOAD ./Debug/src_hal_osd.c.o
LOAD ./Debug/src_hal_rtc.c.o
LOAD ./Debug/src_hal_sd.c.o
LOAD ./Debug/src_hal_spi.c.o
LOAD ./Debug/src_hal_timer.c.o
LOAD ./Debug/src_hal_uart.c.o
LOAD ./Debug/src_hal_watermark.c.o
LOAD ./Debug/src_hal_sys.c.o
LOAD ./Debug/src_hal_auadc.c.o
LOAD ./Debug/src_hal_mjpeg.c.o
LOAD ./Debug/src_hal_int.c.o
LOAD ./Debug/src_hal_wdt.c.o
LOAD ./Debug/src_hal_stream.c.o
LOAD ./Debug/src_hal_emi.c.o
LOAD ./Debug/src_hal_osdcmp.c.o
LOAD ./Debug/src_hal_rotate.c.o
LOAD ./Debug/src_hal_lcdframe.c.o
LOAD ./Debug/src_hal_custom_yuv.c.o
LOAD ./Debug/dusb_hal_usb_api.c.o
LOAD ./Debug/dusb_hal_usb_dev_enum.c.o
LOAD ./Debug/dusb_hal_usb_msc.c.o
LOAD ./Debug/dusb_hal_usb_uac.c.o
LOAD ./Debug/dusb_hal_usb_uvc.c.o
LOAD ./Debug/audio_audio_playback.c.o
LOAD ./Debug/audio_audio_record.c.o
LOAD ./Debug/audio_ring_buffer.c.o
LOAD ./Debug/video_video_playback.c.o
LOAD ./Debug/video_video_record.c.o
LOAD ./Debug/image_image_decode.c.o
LOAD ./Debug/image_image_encode.c.o
LOAD ./Debug/wav_alaw.c.o
LOAD ./Debug/wav_imaadpcm.c.o
LOAD ./Debug/wav_pcm.c.o
LOAD ./Debug/wav_ulaw.c.o
LOAD ./Debug/wav_wav.c.o
LOAD ./Debug/stream_stream.c.o
LOAD ./Debug/cmos_sensor_cmos_sensor.c.o
LOAD ./Debug/cmos_sensor_SENSOR_BF3a03.c.o
LOAD ./Debug/cmos_sensor_SENSOR_BF2013.c.o
LOAD ./Debug/cmos_sensor_SENSOR_BF3703.c.o
LOAD ./Debug/cmos_sensor_SENSOR_GC0307.c.o
LOAD ./Debug/cmos_sensor_SENSOR_GC0308.c.o
LOAD ./Debug/cmos_sensor_SENSOR_GC0309.c.o
LOAD ./Debug/cmos_sensor_SENSOR_GC0328.c.o
LOAD ./Debug/cmos_sensor_SENSOR_OV7670.c.o
LOAD ./Debug/cmos_sensor_SENSOR_SP0838.c.o
LOAD ./Debug/cmos_sensor_SENSOR_SP0A18.c.o
LOAD ./Debug/cmos_sensor_SENSOR_GC0329.c.o
LOAD ./Debug/cmos_sensor_SENSOR_SIV100B.c.o
LOAD ./Debug/tft_lcd_lcd_mcu_st7789.c.o
LOAD ./Debug/tft_lcd_tft_lcd.c.o
LOAD ./Debug/tft_lcd_lcd_mcu_ili9328.c.o
LOAD ./Debug/tft_lcd_lcd_mcu_st7789v.c.o
LOAD ./Debug/tft_lcd_lcd_mcu_hx8352c.c.o
LOAD ./Debug/tft_lcd_lcd_mcu_9225G.c.o
LOAD ./Debug/tft_lcd_lcd_mcu_nv3030b.c.o
LOAD ./Debug/nvfs_nvfs.c.o
LOAD ./Debug/Maxlib_max_user.c.o
LOAD ./Debug/Maxlib_uiDraw.c.o
LOAD ./Debug/std_misc.c.o
LOAD ./Debug/std_std_math.c.o
LOAD ./Debug/std_str.c.o
LOAD ./Debug/res_ascii.c.o
LOAD ./Debug/res_ascii_default.c.o
LOAD ./Debug/res_ascii_default_draw.c.o
LOAD ./Debug/res_R.c.o
LOAD ./Debug/res_R_icon.c.o
LOAD ./Debug/res_R_string.c.o
LOAD ./Debug/res_unicode_font.c.o
LOAD ./Debug/res_ascii_num3.c.o
LOAD ./Debug/res_ascii_num3_draw.c.o
LOAD ../bwlib\liblimage.a
LOAD ../bwlib\libeffect.a
LOAD ../bwlib\libmp3.a
LOAD ../bwlib\libsd.a
LOAD ../bwlib\libavi.a
LOAD ../bwlib\libfs.a
LOAD C:/MinGW-4.7.1/or1k-elf/lib/no-delay\libc.a
LOAD C:/MinGW-4.7.1/lib/gcc/or1k-elf/4.9.1/no-delay\libgcc.a

.bootsec        0x01fffc00      0x200 load address 0x00000000
 *(.bootsec)
 .bootsec       0x01fffc00      0x200 ./Debug/ax32xx_BLDRX32.S.o
                0x01fffc10                hex
                0x01fffc10                .hex
                0x01fffdd8                .bootsect

.exception      0x00000000     0x1e3c load address 0x00000200
                0x00000000                _exception_vma = .
 *(.vector)
 .vector        0x00000000      0x3d0 ./Debug/ax32xx_reset.S.o
                0x00000304                _start
                0x00000340                _step_in
                0x00000384                _step_out
 *(.vector.text)
 .vector.text   0x000003d0     0x1668 ./Debug/src_ax32xx_int.c.o
                0x00000514                _rtcRamWrite
                0x000005bc                _rtcRamRead
                0x00000670                my_putchar
                0x00000684                exception_uart_puts
                0x00000698                my_memset
                0x000006c8                exception_init
                0x0000076c                ax32xx_vddrtcCalculate
                0x00000798                dllcon_init
                0x00000944                sdram_init
                0x00000a14                adcRead
                0x00000a6c                adcConverStart
                0x00000a90                adcSetBaudrate
                0x00000ac0                sysClkSet
                0x00000b1c                adcEnable
                0x00000b84                adcGetChannel
                0x00000bbc                sdram_tuning_check_2
                0x00000d3c                _sdr_tuning2_conifg_set
                0x00000d5c                crc_cal
                0x00000dd0                sdram_clock_tune
                0x000017b0                exception
                0x00001a1c                exception_trigger
 *(.vector.data)
 .vector.data   0x00001a38      0x100 ./Debug/ax32xx_reset.S.o
                0x00001a38                _step_data
 .vector.data   0x00001b38      0x304 ./Debug/src_ax32xx_int.c.o
                0x00001b38                tune_values
                0x00001cb8                tune_by
                0x00001cc4                tune_tab_2_dll
                0x00001cd4                tune_tab_1_dll
                0x00001ce4                tune_tab_2_clk
                0x00001d04                tune_tab_1_clk
                0x00001d24                tuning_test_addr
                0x00001da4                tuning_test_data
                0x00001e24                SDRTUN2_CON
                0x00001e2c                sdr_tune_source
                0x00001e30                chip_vision

.ram            0x00001e3c     0x2660 load address 0x0000203c
                0x00001e3c                __sram_start = .
 *(.msk_var_use)
 *(.sdc_buf)
 .sdc_buf       0x00001e3c       0x40 ../bwlib\libsd.a(ax32xx_sd.o)
 *(.sram_comm)
 .sram_comm     0x00001e7c       0x60 ./Debug/xos_xmsgq.c.o
 .sram_comm     0x00001edc     0x25c0 ./Debug/src_hal_sys.c.o
                0x00001edc                ramuse
                0x0000449c                __sram_end = .

.fifo           0x00008000      0xce0
                0x00008000                __ufifo_start = .
 *(.sram_Usbfifo)
 .sram_Usbfifo  0x00008000      0xce0 ./Debug/src_hal_sys.c.o
                0x00008000                usbfifo
                0x00008ce0                __ufifo_end = .

.text           0x02000000    0x86630 load address 0x00002200
                0x02000000                _text_start = .
 *(.text*)
 .text          0x02000000        0x0 ./Debug/ax32xx_reset.S.o
 .text          0x02000000        0x0 ./Debug/ax32xx_spi_boot_cfg.S.o
 .text          0x02000000        0x0 ./Debug/ax32xx_BLDRX32.S.o
 .text          0x02000000      0x508 ./Debug/main.c.o
                0x02000000                registerTask
                0x020000bc                init
                0x020004a0                systemService
                0x020004d4                sendDrawUIMsg
 .text.startup  0x02000508       0xb8 ./Debug/main.c.o
                0x02000508                main
 .text          0x020005c0     0x1c9c ./Debug/resource_manager.c.o
                0x020006fc                managerInit
                0x02000774                managerCreate
                0x0200084c                managerDestory
                0x020008c4                managerFileCount
                0x0200095c                managerFileCountEx
                0x020009c8                managerLockFileExt
                0x02000a70                managerUnlockFileExt
                0x02000b1c                managerCheckLock
                0x02000b58                managerCheckLockExt
                0x02000be8                managerFlush
                0x02000c54                managerDelFileByIndex
                0x02000d64                managerDelFileAll
                0x02000e48                managerScanStart
                0x02000eb0                managerScanEnd
                0x02000f8c                explorerListHook
                0x02000fa4                managerNameChange
                0x0200119c                managerSpaceCheck
                0x020012f4                manangerCheckFileType
                0x02001554                managerAddFile
                0x02001644                managerAddFileEx
                0x020016a4                managerRenameExt
                0x02001744                managerRename
                0x02001804                managerLockFile
                0x0200188c                managerUnlockFile
                0x0200194c                managerDelFileByName
                0x02001aa8                managerDelFileByFullName
                0x02001c28                managerFileNameCreater
                0x02001e3c                managerFileScan
                0x02002034                manangerGetFileFullPathName
                0x020020e8                manangerGetFileName
                0x02002180                manangerFindFileAndDel
 .text          0x0200225c      0x378 ./Debug/board.c.o
                0x0200225c                boardInit
                0x020023ec                boardOpen
                0x02002490                boardIoctrl
                0x02002518                boardNameIoctrl
 .text          0x020025d4      0xac4 ./Debug/board_bwv1.c.o
                0x02002b88                board_lcd_reset
                0x02002c00                board_sensor_reset
                0x02002ce8                board_lcd_ioctrl_pwm
                0x02002d2c                getCurBatteryADC
                0x02002d4c                getKeyADCvalue
                0x02002d6c                getKeyVal
                0x02002e58                getKey
                0x02002f28                keyScanKey
                0x0200305c                board_powerCheck
 .text          0x02003098      0x338 ./Debug/config.c.o
                0x02003098                configCheckSumCal
                0x020030ec                userConfigSave
                0x02003170                userConfigReset
                0x02003278                userConfigInitial
                0x02003354                configSet
                0x02003390                configGet
 .text          0x020033d0      0xcd0 ./Debug/display.c.o
                0x020033d0                dispLayerPIPOnlyFront
                0x02003440                dispLayerPIPOnlyBack
                0x020034bc                dispLayerPIPBakRightTop
                0x0200355c                dispLayerPIPFrtRightTop
                0x020035e0                dispLayerPIPFBHalf
                0x02003664                dispLayerPIPBFHalf
                0x020036e8                dispLayerUninit
                0x02003744                dispLayerGetResolution
                0x02003818                dispLayerSetResolution
                0x02003904                dispLayerSetRotate
                0x02003938                dispRatioResolutionCalculate
                0x02003a10                dispLayerSetRatio
                0x02003ac0                dispLayerInit
                0x02003cec                dispLayerShow
                0x02003d30                dispLayerGetFrame
                0x02003d78                dispLayerGetFreeFrame
                0x02003db8                dispLayerFreeFrame
                0x02003e30                dispLayerSetFrame
                0x02003e7c                dispLayerSetPIPMode
                0x02003ef0                dispLayer_ABwin
                0x02003f3c                dispLayer_getABwin
                0x02003f5c                dispLayerSetFrontCrop
 .text          0x020040a0        0x0 ./Debug/explorer.c.o
 .text          0x020040a0      0xc4c ./Debug/filelist.c.o
 .text          0x02004cec      0x954 ./Debug/font.c.o
                0x02004efc                fontInit
                0x02005018                fontSetLanguage
                0x020050dc                fontGetStringInfo
                0x0200518c                fontDrawString
                0x0200537c                resGetString
                0x02005494                resGetChar
 .text          0x02005640      0x324 ./Debug/icon.c.o
                0x02005640                iconInit
                0x020056b0                iconGetSize
                0x02005754                iconGetData
                0x020057f0                iconGetAddr
                0x02005864                iconGetPalette
                0x020058e4                iconGetGamePalette
 .text          0x02005964      0x1cc ./Debug/configGetValue.c.o
                0x02005964                configValue2Int
 .text          0x02005b30      0x19c ./Debug/configSystem.c.o
                0x02005b30                configLanguage
                0x02005ba8                configSys
                0x02005c90                configSystem
 .text          0x02005ccc      0x830 ./Debug/logo.c.o
                0x02005ccc                logo_image_show
                0x02005dd0                jpg_decode_show
                0x02005ec4                logo_music_show
                0x02006090                layout_logo_show
                0x020061a0                background_logo_image_show
                0x02006298                layout_version_get
                0x02006384                layout_keysound_load
                0x02006468                layout_sound_load
 .text          0x020064fc       0xb0 ./Debug/menuMovieRec.c.o
                0x020064fc                menuProcDateTime
                0x02006528                menuProcVersion
                0x02006554                menuProcFormat
                0x02006580                menuProcDefault
 .text          0x020065ac      0x384 ./Debug/msgDeal.c.o
                0x020065ac                msgFuncRegister
                0x02006664                unshieldedMsgFuncRegister
                0x020066e0                msgDeal
                0x0200683c                msgDealByType
                0x020068d4                msgDealByMsgInfor
 .text          0x02006930       0xa4 ./Debug/msgSysRecommend.c.o
 .text          0x020069d4      0x5cc ./Debug/msgSysUnshielded.c.o
 .text          0x02006fa0      0x4b0 ./Debug/taskManage.c.o
                0x02006fa0                taskInit
                0x02007014                taskInfor
                0x0200709c                taskRegister
                0x02007140                taskPrevious
                0x02007160                taskCurrent
                0x02007180                taskNext
                0x020071a0                taskStart
                0x02007284                taskChange
                0x02007298                taskService
 .text          0x02007450      0xdc8 ./Debug/taskPhotoEncode.c.o
                0x02007450                taskPhotoEncodeClose
                0x02007538                taskPhotoEncodeService
                0x020075f8                photoImagePreSizeGet
                0x02007894                task_image_createfile
                0x020079c8                image_take_photo
                0x02007cb0                image_take_photo_to_sdram
                0x0200800c                photo_animation_effect
                0x02008128                taskPhotoEncodeOpen
 .text          0x02008218     0x1804 ./Debug/taskPhotoEncodeMsg.c.o
                0x020099a4                photoFocusIconCancel
 .text          0x02009a1c      0xb64 ./Debug/taskPlayBack.c.o
                0x02009a1c                taskPlayBackClose
                0x02009a64                video_playback_jpg_scale
                0x02009c54                video_playback_start
                0x0200a248                taskPlayBackOpen
                0x0200a4c4                taskPlayBackService
 .text          0x0200a580     0x18d0 ./Debug/taskPlayBackMsg.c.o
                0x0200bd68                backBrushBlack
 .text          0x0200be50      0x2a4 ./Debug/taskPowerOff.c.o
                0x0200be50                uninit
                0x0200bf04                taskPowerOffOpen
 .text          0x0200c0f4      0xf24 ./Debug/taskSysScanDevice.c.o
                0x0200c0f4                timerMsgSend
                0x0200c1d0                setKeyEn
                0x0200c1f0                deamon_astern_check
                0x0200c204                reflush_usensor_check
                0x0200c218                setSoftwareDetachUsensor
                0x0200c238                deamon_usb_check
                0x0200c4e8                deamon_gsensor_check
                0x0200c4fc                deamon_screen_save
                0x0200c64c                deamon_key_check
                0x0200c77c                deamon_auto_poweroff
                0x0200c890                deamon_keysound_play
                0x0200c970                deamon_sound_play
                0x0200ca4c                deamon_fsFreeSize
                0x0200caf4                deamon_fs_scan
                0x0200ccb4                deamon_sdc_check
                0x0200cf04                taskSysScanDev
                0x0200cf84                deamon_fsSizeModify
 .text          0x0200d018      0x2f8 ./Debug/taskUsbDevice.c.o
 .text          0x0200d310      0xde8 ./Debug/taskVideoRecord.c.o
                0x0200d310                taskVideoRecordeService
                0x0200d414                task_video_Get_Status
                0x0200d434                video_record_start
                0x0200d4dc                task_record_stop
                0x0200d578                taskVideoRecordeClose
                0x0200d6a8                task_video_record_caltime
                0x0200d720                video_record_callback
                0x0200df00                taskVideoRecordeOpen
                0x0200e0d0                taskVideoRecTimeIncreace
                0x0200e0e4                videoCapturePhoto
 .text          0x0200e0f8     0x16f0 ./Debug/taskVideoRecordMsg.c.o
                0x0200f5b4                videoFocusIconCancel
                0x0200f62c                recordTimeCount1S
 .text          0x0200f7e8      0x158 ./Debug/toolFunc.c.o
                0x0200f7e8                intToString
                0x0200f8b4                calWeek
 .text          0x0200f940      0x810 ./Debug/uiMenuDateTimeMsg.c.o
                0x0200fde8                dateTimeStrUpdate
                0x0200fe10                dateTimeIncreace
                0x0200ffb0                dateTimeDecreace
 .text          0x02010150      0x32c ./Debug/uiMenuDefaultMsg.c.o
 .text          0x0201047c      0x3ec ./Debug/uiMenuDelAllMsg.c.o
 .text          0x02010868      0x480 ./Debug/uiMenuDelCurMsg.c.o
 .text          0x02010ce8      0x460 ./Debug/uiMenuFormatMsg.c.o
 .text          0x02011148      0x8a8 ./Debug/uiMenuItemMsg.c.o
                0x020119d0                menuIsOpen
 .text          0x020119f0      0xb10 ./Debug/uiPhotoSettingMsg.c.o
                0x02011f04                photoSettingIsOpen
                0x02011f24                photoSettingConfigIdChange
                0x02012070                photoSettingGetItemPosition
                0x020123e8                photoSettingPageChange
 .text          0x02012500      0x6e0 ./Debug/uiMenuOptionMsg.c.o
 .text          0x02012be0      0x35c ./Debug/uiMenuUsbMsg.c.o
 .text          0x02012f3c      0x208 ./Debug/uiNoFileMsg.c.o
 .text          0x02013144      0x38c ./Debug/uiTips1Msg.c.o
 .text          0x020134d0      0x370 ./Debug/uiTipsMsg.c.o
 .text          0x02013840      0x4c0 ./Debug/uiWin.c.o
                0x02013840                dialogCB
                0x02013a38                uiParentDealMsg
                0x02013a68                uiOpenWindow
                0x02013b98                uiOpenWinAndShow
                0x02013cd0                windowIsOpen
 .text          0x02013d00      0x174 ./Debug/uiMenuVersionMsg.c.o
 .text          0x02013e74       0xf8 ./Debug/taskAudioPlayer.c.o
                0x02013e74                taskAudioPlayerOpen
                0x02013ef0                taskAudioPlayerClose
                0x02013f20                taskAudioPlayerService
 .text          0x02013f6c     0x1cd8 ./Debug/taskAudioPlayerMsg.c.o
                0x020159d8                uni2oem936_init
                0x02015a68                uni2oem936_uninit
                0x02015aac                oem2uni936_init
                0x02015b3c                oem2uni936_uninit
 .text          0x02015c44        0x0 ./Debug/taskAudioPlayerRes.c.o
 .text          0x02015c44        0x0 ./Debug/taskPhotoEncodeRes.c.o
 .text          0x02015c44        0x0 ./Debug/taskPlayBackRes.c.o
 .text          0x02015c44        0x0 ./Debug/taskVideoRecordRes.c.o
 .text          0x02015c44        0x0 ./Debug/uiMenuDateTimeRes.c.o
 .text          0x02015c44        0x0 ./Debug/uiMenuDefaultRes.c.o
 .text          0x02015c44        0x0 ./Debug/uiMenuDelAllRes.c.o
 .text          0x02015c44        0x0 ./Debug/uiMenuDelCurRes.c.o
 .text          0x02015c44        0x0 ./Debug/uiMenuFormatRes.c.o
 .text          0x02015c44        0x0 ./Debug/uiMenuItemRes.c.o
 .text          0x02015c44        0x0 ./Debug/uiMenuOptionRes.c.o
 .text          0x02015c44        0x0 ./Debug/uiMenuUsbRes.c.o
 .text          0x02015c44        0x0 ./Debug/uiMenuVersionRes.c.o
 .text          0x02015c44        0x0 ./Debug/uiNoFileRes.c.o
 .text          0x02015c44        0x0 ./Debug/uiTips1Res.c.o
 .text          0x02015c44        0x0 ./Debug/uiTipsRes.c.o
 .text          0x02015c44      0x108 ./Debug/taskMainMenu.c.o
                0x02015c44                taskMainMenuService
                0x02015c58                taskMainMenuOpen
                0x02015d20                taskMainMenuClose
 .text          0x02015d4c      0x884 ./Debug/taskMainMenuMsg.c.o
 .text          0x020165d0        0x0 ./Debug/taskMainMenuRes.c.o
 .text          0x020165d0       0xcc ./Debug/taskSettingMenu.c.o
                0x020165d0                taskSettingMenuService
                0x020165e4                taskSettingMenuClose
                0x0201660c                taskSettingMenuOpen
 .text          0x0201669c     0x18dc ./Debug/userInterface.c.o
                0x0201669c                actionUpperToBottom
                0x02016854                actionBottomToUpper
                0x02016a2c                actionSquareInsideToOutside
                0x02016bdc                actionSquareOutsideToInside
                0x02016d94                actionLeftBottomToRightUpper
                0x02016f20                actionLeftToRight
                0x020170ec                actionLeftUpperToRightBottom
                0x020172a0                actionCircleInside2OutSide
                0x020176b4                getActionFunc
                0x0201775c                animationInit
                0x02017860                animationRun
                0x02017938                animationUnInit
                0x02017988                circle_fill
                0x02017ee4                type_function_circle
 .text          0x02017f78      0x620 ./Debug/upgrade.c.o
                0x02017f78                upgrade_led_control
                0x02017ff0                upgrade_uiProgress
                0x02018030                upgrade
 .text          0x02018598     0x2488 ./Debug/game_block.c.o
                0x02018598                game_cnt_down
                0x020185c8                game_cnt_reinit
                0x020185e8                game_cnt_over
                0x02018618                game_cnt_clear
                0x02018644                effect_rand_get
                0x020186cc                power_up_rand_list_init
                0x0201876c                block_cnt_init
                0x020187d0                rand_get
                0x02018860                level_back_index_get
                0x02018884                block_map_init
                0x020188e4                move_icon_universal_draw
                0x02018954                game_frame_buff_show_get
                0x02018974                block_icon_draw
                0x02018a08                block_src_init_and_draw
                0x02018ac8                block_map_draw
                0x02018b70                game_boundary_init
                0x02018bb4                game_block_level_init
                0x02018bf0                life_icon_draw
                0x02018cfc                right_score_draw
                0x02018e30                ball_icon_draw
                0x02018ec8                board_icon_draw
                0x02018f10                power_up_item_icon_draw
                0x02018fd0                DrawMap_block
                0x02019018                power_up_item_init
                0x02019110                power_up_item_destroy
                0x0201917c                ball_init
                0x02019260                ball_item_destroy
                0x020192cc                copy_ball_action
                0x02019348                ball_and_board_init
                0x020193e8                board_and_ball_flash_init
                0x02019420                move_rule
                0x02019514                game_boundary_hit_check
                0x020195c0                universal_hit_action
                0x020195f4                universal_hit_check
                0x020198dc                board_hit_check
                0x020199bc                block_hit_check
                0x02019b38                clear_block_effect
                0x02019ce4                board_move
                0x02019d9c                ball_move
                0x02019e60                ball_fire_power_up
                0x02019ec8                ball_multi_power_up
                0x02019f54                power_up_item_move
                0x0201a048                power_up_move
                0x0201a0c8                move
                0x0201a184                pass_check
                0x0201a1e0                game_block_init
                0x0201a234                block_free_buf
                0x0201a290                game_block_exit
                0x0201a2e4                flash_reinit
                0x0201a3b0                flash_init
                0x0201a3f8                block_breaker_going_key_response
                0x0201a4b0                game_block_start
                0x0201a574                block_breaker_going
                0x0201a6ac                block_breaker_level_pass
                0x0201a710                block_breaker_game_over_show
                0x0201a784                block_breaker_game_pause
                0x0201a8b8                game_block_key_active
                0x0201a92c                game_block_entry
 .text          0x0201aa20      0xe08 ./Debug/game_snake.c.o
                0x0201aa20                snake_get_buf
                0x0201aa90                snake_put_buf
                0x0201aae8                snake_init
                0x0201ab94                rand_next
                0x0201ac48                createFood
                0x0201ad2c                creatMap
                0x0201ad80                biteSelf
                0x0201add8                chet_endGamestatus
                0x0201ae68                detore_snake
                0x0201aebc                snakeOSDDisplayBufGet
                0x0201af08                snake_I80
                0x0201b000                snakeOSDDisplay
                0x0201b060                snake_frame_icon_draw
                0x0201b16c                get_malloc
                0x0201b194                show_icon_rect
                0x0201b29c                show_all
                0x0201b3d4                snakeMove
                0x0201b5e8                key_read
                0x0201b688                snake_main_init
                0x0201b730                game_snake_entry
 .text          0x0201b828      0x728 ./Debug/game_sokoban.c.o
                0x0201b828                Move
                0x0201b984                resultCheck
                0x0201ba1c                map_init
                0x0201ba60                get_map_size
                0x0201ba78                man_init
                0x0201bae8                DataRead_CMode
                0x0201bb5c                TXZ_show_icon_rect
                0x0201bc70                TXZ_show_one_rect
                0x0201bc9c                DrawMap
                0x0201bd14                TXZ_show_all
                0x0201bd4c                get_game_map
                0x0201be14                sokoban_init
                0x0201be70                game_sokoban_entry
 .text          0x0201bf50      0xfe4 ./Debug/game_tetris.c.o
                0x0201bf50                insertTetris
                0x0201bff8                checkCollision_L
                0x0201c030                checkCollision_R
                0x0201c064                checkCollision
                0x0201c104                show_one_diamonds
                0x0201c18c                printScore
                0x0201c35c                printNextTetris
                0x0201c3f0                giveTetris
                0x0201c4d0                removeTetris
                0x0201c588                printCurrentTetris
                0x0201c6a8                setPoolColor
                0x0201c75c                rotateTetris
                0x0201c800                checkErasing
                0x0201c990                printTetrisPool
                0x0201ca60                moveDownTetris
                0x0201cb10                horzMoveTetris
                0x0201cbb4                keydownControl
                0x0201cc7c                endgame
                0x0201cc98                restartGame
                0x0201cd38                game_tetris_init
                0x0201cdcc                game_tetris_exit
                0x0201ce10                game_tetris_entry
 .text          0x0201cf34     0x1a74 ./Debug/taskGame.c.o
                0x0201cf34                taskGameClose
                0x0201d094                gameInit
                0x0201d138                gameGetKeyADCValue
                0x0201d1e4                game_key_judge
                0x0201d26c                fps_count_reset
                0x0201d298                rand_int
                0x0201d304                get_game_base_buf
                0x0201d32c                get_game_show_buf
                0x0201d418                get_bin_data
                0x0201d49c                frame_icon_draw
                0x0201d630                game_OSD_str_draw
                0x0201dcbc                game_tips
                0x0201dff8                game_over
                0x0201e0f4                gameExit
                0x0201e168                taskGameService
                0x0201e1d0                game_bk_draw
                0x0201e27c                frame_buff_display
                0x0201e2f4                free_buf
                0x0201e31c                game_audio_init
                0x0201e4c8                taskGameOpen
                0x0201e510                game_audio_play
                0x0201e6b8                game_key_event
                0x0201e7b8                gameTickGenerator
                0x0201e880                game_result_tips
 .text          0x0201e9a8       0xc8 ./Debug/taskGameMenu.c.o
                0x0201e9a8                taskGameMenuService
                0x0201e9bc                taskGameMenuOpen
                0x0201ea44                taskGameMenuClose
 .text          0x0201ea70      0xdf4 ./Debug/taskGameMenuMsg.c.o
 .text          0x0201f864        0x0 ./Debug/taskGameMenuRes.c.o
 .text          0x0201f864     0x11f4 ./Debug/game_plane.c.o
                0x0201f864                is_in_range
                0x0201f8b4                collision_chect
                0x0201fb10                move_enemy_bullet_c
                0x0201fbb0                AI_mage
                0x0201fc04                move_my_planle
                0x0201fd58                new_my_bullet
                0x0201fe08                new_p_boom
                0x0201fecc                move_my_bullet_c
                0x0201ffbc                move_bullet
                0x0201ffe0                move_one_enemy_planle
                0x020201a8                move_enemy_planle
                0x020201f0                new_enemy_Plane
                0x020202cc                pGame_show_icon_rect
                0x02020480                show_plane_boom
                0x020204e4                show_enemy_Plane
                0x0202053c                show_my_bullet
                0x02020594                show_score
                0x02020828                game_plane_entry
 .text          0x02020a58      0x5a8 ./Debug/game_maze.c.o
                0x02020a58                Move_maze
                0x02020c18                resultCheck_maze
                0x02020c70                maze_map_set
                0x02020cb0                get_map_maze_size
                0x02020cc8                man_maze_init
                0x02020cf8                maze_show_one_rect
                0x02020dbc                maze_DrawMap
                0x02020e34                maze_show_all
                0x02020e6c                maze_map_init
                0x02020eb4                maze_keypress
                0x02020f08                maze_init
                0x02020f50                game_maze_entry
 .text          0x02021000        0x0 ./Debug/menuPhotoSettingRec.c.o
 .text          0x02021000        0x0 ./Debug/xos_x_cpu.c.o
 .text          0x02021000      0x1b0 ./Debug/xos_xmbox.c.o
                0x02021000                XMboxInit
                0x02021040                XMboxCreate
                0x020210c8                XMboxDestory
                0x02021100                XMboxPost
                0x02021154                XMboxPend
 .text          0x020211b0      0x2e4 ./Debug/xos_xmsgq.c.o
                0x020211b0                XMsgQInit
                0x020211f0                XMsgQCreate
                0x02021280                XMsgQDestory
                0x020212b8                XMsgQFlush
                0x020212f8                XMsgQPost
                0x02021370                XMsgQPostFront
                0x020213ec                XMsgQPend
                0x0202147c                XMsgQCheck
 .text          0x02021494      0x12c ./Debug/xos_xos.c.o
                0x02021494                XOSInit
                0x020214d4                XOSTickService
                0x02021544                XOSTimeGet
                0x02021564                XOSTimeDly
                0x020215a0                XOSRandom
 .text          0x020215c0      0x168 ./Debug/xos_xwork.c.o
                0x020215c0                XWorkInit
                0x02021600                XWorkCreate
                0x0202168c                XWorkDestory
                0x020216bc                XWorkService
 .text          0x02021728      0xb64 ./Debug/multimedia_user_media.c.o
                0x02021728                jpg_decode_buf
                0x020217d8                jpg_buf_decode_buf
                0x02021888                yuv_rgb_table_init
                0x02021ab4                yuv_rgb_table_uninit
                0x02021af8                bmp24_to_yuv420_buf
                0x02021eb4                yuv420_draw_buf
                0x020220a4                yuv420_software_set_handle_frame
                0x020220c4                yuv420_software_get_handle_frame
                0x020220e4                yuv420_effect_handle
 .text          0x0202228c      0x1fc ./Debug/sUI_button.c.o
                0x02022370                buttonCreate
                0x020223e4                buttonCreateIndirect
 .text          0x02022488      0x188 ./Debug/sUI_dialog.c.o
                0x02022488                dialogCreate
                0x02022558                dialogItem
 .text          0x02022610      0x22c ./Debug/sUI_frameWin.c.o
                0x02022768                frameWinCreate
                0x020227cc                frameWinCreateIndirect
 .text          0x0202283c      0x2b0 ./Debug/sUI_imageIcon.c.o
                0x020229c4                imageIconCreate
                0x02022a70                imageIconCreateIndirect
 .text          0x02022aec     0x191c ./Debug/sUI_itemManage.c.o
                0x02022aec                itemManageCreate
                0x02022b70                itemManageCreateIndirect
                0x02022be4                itemManageSetItemHeight
                0x02022d68                itemManageSetItemRowSumGap
                0x02022e70                itemManageSetHeightAvgGap
                0x02022fe4                itemManageSetRowSum
                0x02023118                itemManageSetColumnSum
                0x02023268                itemManageSetColumnSumWithGap
                0x020233e4                itemManageSetColumnMargin
                0x02023514                itemManageCreateItem
                0x020236b0                itemManageSetResInforFuncEx
                0x02023708                itemManageSetCurItem
                0x02023a04                itemManageUpdateRes
                0x02023abc                itemManageUpdateAllitem
                0x02023b20                itemManageUpdateCurItem
                0x02023cc4                itemManageNextItem
                0x02023d34                itemManagePreItem
                0x02023da4                itemManageNextPage
                0x02023e28                itemManagePrePage
                0x02023eb0                itemManageGetCurrentItem
                0x02023f14                itemManageSetCharInfor
                0x02023fcc                itemManageSetSelectColor
                0x02024068                itemManageSetSelectImage
                0x02024108                itemManageSetUnselectColor
                0x020241a4                itemManageSetUnselectImage
                0x02024244                itemManageGetTouchInfor
 .text          0x02024408      0x3a0 ./Debug/sUI_menuItem.c.o
                0x02024638                menuItemCreate
                0x020246e0                itemCreateMenuItem
 .text          0x020247a8      0x4fc ./Debug/sUI_menuItemEx.c.o
                0x02024ad0                menuItemExCreate
                0x02024b80                itemCreateMenuItemEx
 .text          0x02024ca4      0x360 ./Debug/sUI_menuOption.c.o
                0x02024e98                menuOptionCreate
                0x02024f3c                itemCreatemenuOption
 .text          0x02025004      0x344 ./Debug/sUI_progressBar.c.o
                0x0202522c                progressBarCreate
                0x020252b0                progressBarCreateIndirect
                0x02025328                progressBarSetDirction
 .text          0x02025348      0x264 ./Debug/sUI_rect.c.o
                0x020254b4                rectCreate
                0x02025538                rectCreateIndirect
 .text          0x020255ac      0x380 ./Debug/sUI_stringIcon.c.o
                0x020257bc                stringIconCreate
                0x02025878                stringIconCreateIndirect
 .text          0x0202592c      0x2b0 ./Debug/sUI_tips.c.o
                0x02025ac8                tipsCreate
                0x02025b54                tipsCreateIndirect
 .text          0x02025bdc      0x30c ./Debug/sUI_uiAlloc.c.o
                0x02025bdc                uiHeapInit
                0x02025c14                uiAlloc
                0x02025d1c                uiFree
                0x02025e1c                uiHeapInfor
                0x02025ed4                heapAllocTest
 .text          0x02025ee8      0x11c ./Debug/sUI_widget.c.o
                0x02025ee8                widgetProc
                0x02025f34                widgetSetType
                0x02025f64                widgetGetType
                0x02025f98                widgetGetId
                0x02025fd0                widgetSetId
 .text          0x02026004     0x1c38 ./Debug/sUI_winManage.c.o
                0x02026004                winErrShow
                0x02026050                winSendMsg
                0x02026090                winSendMsgNoData
                0x020260b8                winSendMsgToParent
                0x020260e8                winSendMsgToParentNoData
                0x02026110                winOverlapping
                0x02026174                winContain
                0x020261d8                winHasInvalidRect
                0x0202626c                winFreeInvalidRect
                0x02026568                winCreate
                0x020269b0                winDestroy
                0x02026b6c                winGetTouchInfor
                0x02026b9c                winTouch
                0x02026dbc                winSetbgColor
                0x02026df0                winSetfgColor
                0x02026e24                winSetVisible
                0x02026ea8                winIsVisible
                0x02026ee4                winSetResid
                0x02026f14                winSetItemSelResid
                0x02026f44                winSetStrInfor
                0x02026f94                resInforInit
                0x02026fe0                winSetSelectInfor
                0x02027010                winSetUnselectInfor
                0x02027040                winChangeNotify
                0x020270a8                winDefaultProc
                0x020274b8                winResize
                0x02027648                winGetRelativePos
                0x020276d8                winGetPos
                0x0202771c                winUpdate
                0x0202778c                winSetPorgressRate
                0x020277bc                winSetPorgressDirction
                0x020277ec                winGetCurrent
                0x0202780c                winPaint
                0x02027918                winSetName
                0x02027938                winIntersection
                0x020279ec                winUpdateAllResId
                0x02027a50                winDestroyDeskTopChildWin
                0x02027ac4                winInit
                0x02027bb0                winUninit
 .text          0x02027c3c      0x174 ./Debug/sUI_memPool.c.o
                0x02027c3c                mempCreate
                0x02027ca4                mempGet
                0x02027cfc                mempPut
                0x02027d38                mempInfor
 .text          0x02027db0      0x43c ./Debug/sUI_widgetManage.c.o
                0x02028004                widgetManageCreate
                0x02028088                widgetManageCreateIndirect
                0x020280f8                widgetManageUpdateAll
                0x0202811c                widgetManageUpdateCur
                0x02028140                widgetManageNext
                0x02028164                widgetManagePre
                0x02028188                widgetManageSelect
                0x020281bc                widgetManageCurId
 .text          0x020281ec      0x3bc ./Debug/src_ax32xx_int.c.o
                0x020281ec                ax32xx_intHandler
                0x02028200                fast_isr
                0x020282e0                slow_isr
                0x020283d4                ax32xx_intEnable
                0x0202841c                ax32xx_int_priority
                0x02028464                ax32xx_intInit
 .text          0x020285a8      0xa44 ./Debug/src_ax32xx_sys.c.o
                0x020285a8                ax32xx_sysCpuMsDelay
                0x020285e4                ax32xx_sysCpuNopDelay
                0x0202860c                ax32xx_sysDcacheInit
                0x02028650                ax32xx_sysIcacheInit
                0x02028694                ax32xx_sysDcacheWback
                0x02028710                ax32xx_sysDcacheFlush
                0x0202878c                ax32xx_sysDcacheInvalid
                0x02028808                ax32xx_sysSRAMClear
                0x0202885c                ax32xx_sysBSSClear
                0x020288c0                ax32xx_sysLDOSet
                0x02028aa4                ax32xx_sysClkSet
                0x02028b00                ax32xx_sysReset
                0x02028b40                ax32xx_sys_dma_memdown
                0x02028ba4                ax32xx_sys_dma_memkick
                0x02028c68                ax32xx_mcpy_gram2ufifo
                0x02028cc8                ax32xx_mcpy1_sdram2gram
                0x02028d6c                ax32xx_mcpy1_sdram2gram_2
                0x02028dcc                ax32xx_sysInit
                0x02028f2c                ax32xx_sysUninit
 .text          0x02028fec      0x298 ./Debug/src_ax32xx_dma.c.o
                0x02028fec                ax32xx_dmaNocCfg
                0x02029214                ax32xx_dmaNocDefault
                0x0202923c                ax32xx_dmaChannelEnable
 .text          0x02029284       0x98 ./Debug/src_ax32xx_wdt.c.o
                0x02029284                ax32xx_wdtEnable
                0x020292b8                ax32xx_wdtTimeSet
                0x020292cc                ax32xx_wdtClear
                0x02029300                ax32xx_wdtReset
 .text          0x0202931c      0xe08 ./Debug/src_ax32xx_gpio.c.o
                0x0202931c                ax32xx_gpioSFRSet
                0x02029560                ax32xx_gpioDirSet
                0x02029604                ax32xx_gpioPullSet
                0x020296d0                ax32xx_gpioDrvSet
                0x02029760                ax32xx_gpioDataSet
                0x020297ec                ax32xx_gpioDataGrounpSet
                0x02029868                ax32xx_gpioDataGet
                0x020298ec                ax32xx_gpioMapSet
                0x0202997c                ax32xx_gpioDigitalSet
                0x02029a0c                ax32xx_gpioHystersisSet
                0x02029a9c                ax32xx_gpioLedPull
                0x02029b68                ax32xx_gpioLedInit
                0x02029bf8                ax32xx_gpioINTCheck
                0x02029c30                ax32xx_gpioINTClear
                0x02029c58                ax32xx_gpioINTInit
                0x02029d88                ax32xx_gpioIRQHandler
                0x02029e24                ax32xx_io1d1_softstart
                0x02029fe4                ax32xx_io1d1_softstart_clr
                0x0202a094                ax32xx_io1d1_pd_enable
 .text          0x0202a124      0x1a4 ./Debug/src_ax32xx_uart.c.o
                0x0202a124                ax32xx_uart0IRQHandler
                0x0202a174                ax32xx_uart0IOCfg
                0x0202a214                ax32xx_uart0Init
                0x0202a288                ax32xx_uart0SendByte
 .text          0x0202a2c8      0x9ec ./Debug/src_ax32xx_timer.c.o
                0x0202a2c8                ax32xx_timer0IRQHandler
                0x0202a30c                ax32xx_timer1IRQHandler
                0x0202a350                ax32xx_timer2IRQHandler
                0x0202a394                ax32xx_timer3IRQHandler
                0x0202a3d8                ax32xx_timerISRRegister
                0x0202a41c                ax32xx_timerStart
                0x0202a518                ax32xx_timerStop
                0x0202a5e8                ax32xx_timerEnable
                0x0202a674                ax32xx_timerDisable
                0x0202a718                ax32xx_timerTickStart
                0x0202a74c                ax32xx_timerTickStop
                0x0202a76c                ax32xx_timerTickCount
                0x0202a788                ax32xx_timerPWMStart
                0x0202ac00                ax32xx_timerPWMStop
 .text          0x0202acb4      0x468 ./Debug/src_ax32xx_tminf.c.o
                0x0202acb4                ax32xx_mjpegATimeinfoEnable
                0x0202ad20                ax32xx_mjpegBTimeinfoEnable
                0x0202ad8c                ax32xx_mjpegATimeinfoColor
                0x0202add8                ax32xx_mjpegBTimeinfoColor
                0x0202ae34                ax32xx_mjpegATimeinfoSize
                0x0202ae90                ax32xx_mjpegBTimeinfoSize
                0x0202af18                ax32xx_mjpegATimeinfoPos
                0x0202af74                ax32xx_mjpegBTimeinfoPos
                0x0202affc                ax32xx_mjpegATimeinfoAddr
                0x0202b040                ax32xx_mjpegBTimeinfoAddr
                0x0202b0b0                ax32xx_recfg_mjpb_tminf
 .text          0x0202b11c      0x7f4 ./Debug/src_ax32xx_spi.c.o
                0x0202b11c                ax32xx_spi0Init
                0x0202b33c                ax32xx_spi0SendByte
                0x0202b390                ax32xx_spi0RecvByte
                0x0202b3e4                ax32xx_spi0Send0
                0x0202b49c                ax32xx_spi0Recv0
                0x0202b554                ax32xx_spi0CS0Config
                0x0202b598                spi1_pin_config
                0x0202b668                hal_spi1Init
                0x0202b6e0                spi1_send_byte
                0x0202b750                spi1_receive_byte
                0x0202b798                spi1_recevie_dma
                0x0202b830                spi1_send_dma
                0x0202b8cc                spi1_enable
 .text          0x0202b910      0xb74 ./Debug/src_ax32xx_rtc.c.o
                0x0202b910                ax32xx_rtcWriteByte
                0x0202b960                ax32xx_rtcReadByte
                0x0202b9c4                ax32xx_rtcRamRead
                0x0202ba60                ax32xx_rtcRamWrite
                0x0202bafc                ax32xx_rtcDataRead
                0x0202bb84                ax32xx_rtcDataWrite
                0x0202bc0c                ax32xx_rtcInit
                0x0202bcbc                ax32xx_rtcIRQHandler
                0x0202bd74                ax32xx_rtcSencodEnable
                0x0202bdf0                ax32xx_rtcAlamEnable
                0x0202bed8                ax32xx_rtcAlamSet
                0x0202bf20                ax32xx_rtcGet
                0x0202bf74                ax32xx_rtcSet
                0x0202bfbc                ax32xx_WKOEnable
                0x0202c018                ax32xx_VDDGSENEnable
                0x0202c088                ax32xx_WKI0InputEnable
                0x0202c0f8                ax32xx_WKI1InputEnable
                0x0202c168                ax32xx_WKI1Read
                0x0202c18c                ax32xx_WKI0Read
                0x0202c1b0                ax32xx_WKI1WakeupEnable
                0x0202c318                ax32xx_WKI1WakeupTriger
                0x0202c368                ax32xx_WKI1CleanPending
                0x0202c3a4                ax32xx_rtcBatDecEnable
                0x0202c414                ax32xx_rtcSenHVEnable
 .text          0x0202c484      0x7e8 ./Debug/src_ax32xx_iic.c.o
                0x0202c53c                software_iic_sdaout
                0x0202c570                software_iic_sdain
                0x0202c5a4                software_iic_sda_set
                0x0202c5d0                software_iic_scl_set
                0x0202c5fc                software_iic_sda_get
                0x0202c624                software_iic_init
                0x0202c654                software_iic_start
                0x0202c6cc                software_iic_stop
                0x0202c744                software_iic_wait_ack
                0x0202c7fc                ax32xx_iic0Init
                0x0202c8bc                ax32xx_iic0Uninit
                0x0202c900                ax32xx_iic0Start
                0x0202c91c                ax32xx_iic0Stop
                0x0202c95c                ax32xx_iic0RecvACK
                0x0202c984                ax32xx_iic0SendACK
                0x0202c9a8                ax32xx_iic0SendByte
                0x0202c9f8                ax32xx_iic0RecvByte
                0x0202ca4c                ax32xx_iic1Init
                0x0202ca74                ax32xx_iic1Uninit
                0x0202cab8                ax32xx_iic1Start
                0x0202cad4                ax32xx_iic1Stop
                0x0202cb34                ax32xx_iic1RecvACK
                0x0202cb5c                ax32xx_iic1SendACK
                0x0202cb80                ax32xx_iic1SendByte
                0x0202cbf0                ax32xx_iic1RecvByte
 .text          0x0202cc6c      0x66c ./Debug/src_ax32xx_dac.c.o
                0x0202ccac                ax32xx_dacIRQHandler
                0x0202cd80                ax32xx_dacSampleRateSet
                0x0202cdf0                ax32xx_dacEnable
                0x0202ce74                ax32xx_dacVolumeSet
                0x0202ceec                ax32xx_dacBufferSet
                0x0202cf0c                ax32xx_dacBufferFlush
                0x0202cf2c                ax32xx_dacReset
                0x0202cf50                ax32xx_dacStart
                0x0202cfcc                ax32xx_dacStop
                0x0202cffc                ax32xx_dacISRRegister
                0x0202d01c                ax32xx_dacHPSet
                0x0202d0b0                eq_coeff_init
                0x0202d120                eq_gain_init
                0x0202d190                ax32xx_dacInit
 .text          0x0202d2d8      0x114 ./Debug/src_ax32xx_adc.c.o
                0x0202d2d8                ax32xx_adcEnable
                0x0202d340                ax32xx_adcSetBaudrate
                0x0202d370                ax32xx_adcConverStart
                0x0202d394                ax32xx_adcRead
 .text          0x0202d3ec      0x4d0 ./Debug/src_ax32xx_auadc.c.o
                0x0202d3ec                ax32xx_auadcIRQHandler
                0x0202d47c                ax32xx_auadcHalfIRQRegister
                0x0202d49c                ax32xx_auadcEndIRQRegister
                0x0202d4bc                ax32xx_auadcEnable
                0x0202d5b4                ax32xx_auadcAGCEnable
                0x0202d644                ax32xx_auadcGainSet
                0x0202d6c0                ax32xx_auadcBufferSet
                0x0202d720                ax32xx_auadcInit
                0x0202d7c4                ax32xx_auadcSetSampleSet
                0x0202d8a8                agc_gain_mnt
 .text          0x0202d8bc      0x298 ./Debug/src_jpeg_table.c.o
                0x0202d8bc                jpegA_table_init
                0x0202da38                ax32xx_mjpB_tab_init
 .text          0x0202db54      0xd68 ./Debug/src_ax32xx_usb.c.o
                0x0202db54                _usb_bulk_tx
                0x0202dc90                _usb_bulk_rx
                0x0202dd9c                _usb_iso_kick
                0x0202de8c                _iso_wait_txdown
                0x0202defc                usb_iso_tx
                0x0202dffc                usb_burst_reset
                0x0202e048                usb_host_reset
                0x0202e094                usb_phyreset_as_typeb
                0x0202e1dc                usb_phyreset_as_typea
                0x0202e328                usb_insert
                0x0202e33c                usb_check_hal
                0x0202e350                get_u32softcnt
                0x0202e370                ax32xx_usbIRQHanlder
                0x0202e464                ax32xx_usbCallbackRegister
                0x0202e4a0                ax32xx_usb_hostIRQHanlder
                0x0202e4b4                usb_device_check
                0x0202e57c                ax32xx_usbPhyPllEnable
                0x0202e624                usb11_registers_write
                0x0202e650                usb11_registers_read
                0x0202e688                usb_memcpy
                0x0202e6fc                usb_phyreset_as_typea11
                0x0202e710                usb11_host_reset
                0x0202e724                ax32xx_usb11_hostIRQHanlder
                0x0202e738                usb20_host_check
                0x0202e800                usb11HostCheckNoWait
                0x0202e814                usb11_host_check
                0x0202e828                usb20_phyreset_as_filter
 .text          0x0202e8bc      0x210 ./Debug/src_ax32xx_misc.c.o
                0x0202e8bc                str_seek
                0x0202e928                dec_num2str
                0x0202e968                char_2_hex
                0x0202e9bc                data_check
                0x0202e9fc                pointer_check
                0x0202ea20                half_word_memcpy
                0x0202ea58                word_memcpy
                0x0202ea90                word_reg_memcpy
 .text          0x0202eacc      0x14c ./Debug/src_ax32xx_pip.c.o
                0x0202eacc                ax32xx_pipConfig
                0x0202eb48                ax32xx_pipEnable
                0x0202eb8c                ax32xx_pipCounterReset
                0x0202ebcc                ax32xx_pipGetTopLayer
                0x0202ebf0                ax32xx_pipGetBotLayer
 .text          0x0202ec18        0x0 ./Debug/src_ax32xx_btuart.c.o
 .text          0x0202ec18        0x0 ./Debug/src_ax32xx_crc.c.o
 .text          0x0202ec18      0x26c ./Debug/src_ax32xx_emi.c.o
                0x0202ec18                ax32xx_emiInit
                0x0202ed54                ax32xx_emiISRRegister
                0x0202ed88                ax32xx_emiIRQHandler
                0x0202ede4                ax32xx_emiKick
                0x0202ee40                ax32xx_emiCheckBusy
                0x0202ee60                ax32xx_emiCheckRXError
 .text          0x0202ee84      0x278 ./Debug/src_ax32xx_rotate.c.o
                0x0202ee84                ax32xx_rotateISRRegiser
                0x0202eea4                ax32xx_rotateCheckBusy
                0x0202eec4                ax32xx_rotateReset
                0x0202ef10                ax32xx_rotateStart
                0x0202f028                ax32xx_rotateWaitFrameDone
                0x0202f07c                ax32xx_rotateIRQHandler
                0x0202f0cc                ax32xx_rotateGetSrcYAddr
 .text          0x0202f0fc      0x370 ./Debug/src_ax32xx_osdcmp.c.o
                0x0202f0fc                ax32xx_osdcmpISRRegiser
                0x0202f11c                ax32xx_osdcmpCheckBusy
                0x0202f140                ax32xx_osdcmpReset
                0x0202f18c                ax32xx_osdcmpGetCompSize
                0x0202f1ac                ax32xx_osdcmpKick
                0x0202f280                ax32xx_osdcmpWaitFrameDone
                0x0202f318                ax32xx_osdcmpCompOneFrame
                0x0202f420                ax32xx_osdcmpIRQHandler
 .text          0x0202f46c       0x3c ./Debug/src_ax32xx_isp.c.o
                0x0202f46c                ax32xx_ispModeSet
 .text          0x0202f4a8      0xd68 ./Debug/osd_ax32xx_osd.c.o
                0x0202f4a8                ax32xx_deWait
                0x0202f504                ax32xx_deUpdate
                0x0202f528                ax32xx_deGetUpdateStatus
                0x0202f54c                ax32xx_deIRQHandler
                0x0202f5ac                ax32xx_deISRRegister
                0x0202f5cc                ax32xx_deInit
                0x0202f648                ax32xx_deSetBackground
                0x0202f67c                ax32xx_deSetCSC
                0x0202f6c8                ax32xx_videoSetDither
                0x0202f768                ax32xx_videoSetScale
                0x0202f7b4                ax32xx_videoSetScaleLine
                0x0202f824                ax32xx_videoSetScanMode
                0x0202f870                ax32xx_videoGetYAddr
                0x0202f8a0                ax32xx_videoGetUVAddr
                0x0202f8d0                ax32xx_videoSetAddr
                0x0202f8ec                ax32xx_videoSetStride
                0x0202f910                ax32xx_videoSetSize
                0x0202f948                ax32xx_videoSetPosition
                0x0202f970                ax32xx_videoCopyCfg
                0x0202f9d8                ax32xx_videoEnable
                0x0202fa1c                ax32xx_degamma_cfg
                0x0202fa3c                ax32xx_videoGammaRed
                0x0202fa80                ax32xx_videoGammaGreen
                0x0202fac4                ax32xx_videoGammaBlue
                0x0202fb08                ax32xx_deSetGAMA
                0x0202fb8c                ax32xx_deSet_DE_CCM
                0x0202fc74                ax32xx_deSet_DE_SAJ
                0x0202fce0                ax32xx_videoGammaEnable
                0x0202fd24                ax32xx_osdEnable
                0x0202fd90                ax32xx_osdSetSize
                0x0202fde4                ax32xx_osdSetPosition
                0x0202fe38                ax32xx_osdSetPalette
                0x0202fe80                ax32xx_osdSetAddr
                0x0202ff3c                ax32xx_osdGetAddr
                0x0202ff8c                ax32xx_osdSetAlpha
                0x0202fff8                ax32xx_osdSetUpscaler
                0x020301c0                ax32xx_osdEncodeOneCode
 .text          0x02030210      0xfc8 ./Debug/csi_ax32xx_csi.c.o
                0x02030210                hal_csi_fcnt_get
                0x02030240                ax32xx_csiIRQHandler
                0x020304d0                ax32xx_csiISRRegiser
                0x0203050c                ax32xx_csiMJPEGFrameSet
                0x0203057c                ax32xx_csihv_tomjp_dma_cfg
                0x02030608                ax32xx_csi_only_FrameSet
                0x02030628                ax32xx_csiYUVFrameSet
                0x0203063c                ax32xx_csiIOConfig
                0x02030694                ax32xx_csiInit
                0x020306c0                ax32xx_csiMclkSet
                0x02030784                ax32xx_csi_set_mclk_free
                0x020307cc                ax32xx_csiSyncSet
                0x02030830                ax32xx_csiPrioritySet
                0x02030874                ax32xx_csiTypeSet
                0x020308e0                ax32xx_csiModeSet
                0x0203091c                ax32xx_pclk_fir_Set
                0x02030984                ax32xx_pclk_analog_Set
                0x020309d4                ax32xx_pclk_inv_Set
                0x02030a18                ax32xx_csi_clk_tun_Set
                0x02030a60                ax32xx_csiSizeSet
                0x02030a98                ax32xx_csiInputAddrSet
                0x02030ab0                ax32xx_csiTestModeSet
                0x02030b18                ax32xx_csiDvpClkDivSet
                0x02030b60                ax32xx_csiLCDFrameSet
                0x02030b8c                ax32xx_csiLCDDmaEnable
                0x02030c28                ax32xx_csiLCDDmaKick
                0x02030c6c                ax32xx_csiLCDScaler
                0x02030e48                ax32xx_csiScaler
                0x02030f90                ax32xx_hvScaler
                0x020310e4                ax32xx_csiScalerCheck
                0x0203110c                ax32xx_csiOutputSet
                0x02031148                ax32xx_csiEnable
 .text          0x020311d8      0xd70 ./Debug/lcd_ax32xx_lcd.c.o
                0x020311d8                ax32xx_lcdSPIMode
                0x02031204                ax32xx_lcdSPIInit
                0x020312b4                ax32xx_lcdSPIUninit
                0x020312f0                ax32xx_lcdSPISendData
                0x02031464                ax32xx_lcdMcuSendCmd
                0x020314c8                ax32xx_lcdMcuSendData
                0x0203151c                ax32xx_lcdMcuSendCmd16
                0x020315a0                ax32xx_lcdMcuSendData16
                0x02031624                ax32xx_lcdInit
                0x02031670                ax32xx_lcdIRQEnable
                0x020316b8                ax32xx_lcdPreLineSet
                0x020316d4                ax32xx_lcdSignalSet
                0x0203176c                ax32xx_lcdBusWidth
                0x020317c0                ax32xx_lcdBusEnable
                0x02031810                ax32xx_lcdClkSet
                0x02031830                ax32xx_lcdSyncSet
                0x02031854                ax32xx_lcdDESignalSet
                0x02031878                ax32xx_lcdPositionSet
                0x02031894                ax32xx_lcdResolutionSet
                0x020318b0                ax32xx_lcdWindowSizeSet
                0x020318cc                ax32xx_lcdDataModeSet
                0x02031910                ax32xx_lcdClkNumberSet
                0x02031928                ax32xx_lcdEndLineSet
                0x02031944                ax32xx_lcdPanelMode
                0x0203198c                ax32xx_lcdEnable
                0x020319f0                ax32xx_lcdTeMode
                0x02031a38                ax32xx_lcdKick
                0x02031a70                ax32xx_lcdIRQHandler
                0x02031be0                ax32xx_lcdISRRegister
                0x02031c24                ax32xx_lcdReset
                0x02031c90                ax32xx_lcdMCUIOConfig
                0x02031d74                ax32xx_lcdRGBIOConfig
                0x02031e58                ax32xx_lcd_lsawbtooth
 .text          0x02031f48     0x1f10 ./Debug/mjpeg_ax32xx_mjpeg.c.o
                0x02031f48                ax32xx_mpegPrint
                0x020323c4                ax32xx_mjpB_reset
                0x02032430                ax32xx_mjpegAIRQHandler
                0x02032484                ax32xx_mjpeg_encode_check
                0x020325f0                ax32xx_mjpB_employ
                0x0203261c                ax32xx_mjpB_dcdown_reg
                0x0203263c                ax32xx_mjB_as_dcode
                0x02032668                ax32xx_mjpegEA_ncodeISRRegister
                0x02032688                ax32xx_mjpegEB_ncodeISRRegister
                0x020326a8                ax32xx_mjpegEA_ncodeISR
                0x020326d4                ax32xx_mjpegDecodeISRRegister
                0x020326f4                ax32xx_mjpegEncodeBufferSet
                0x02032740                ax32xx_mjpegEncodeEnable
                0x02032830                ax32xx_mjpegEncode_wifi_Enable
                0x02032920                ax32xx_mjpegEncodeSizeSet
                0x020329c8                ax32xx_mjpegEncodeQuilitySet
                0x02032a10                cal_jA_1s_size
                0x02032a40                ax32xx_mjpegEncodeQadj
                0x02032b24                ax32xx_mjpegEncodeInfoSet
                0x02032b6c                ax32xx_mjpegEncodeLoadAddrGet
                0x02032b88                ax32xx_mjpeg_inlinebuf_init
                0x02032ba4                ax32xx_mjpegEncodeInit
                0x02032ddc                ax32xx_mjpeg_manual_on
                0x02032e24                ax32xx_mjpeg_manual_stop
                0x02032e48                ax32xx_mjpegDecodeScalerCal
                0x02032f18                ax32xx_mjpegDecodeSetSize
                0x0203313c                ax32xx_mjpegDecodeOutputSet
                0x02033158                ax32xx_mjpegDecodeInputSet
                0x02033190                ax32xx_mjpegDecodeDriSet
                0x020331a8                ax32xx_mjpegDecodeCompressSet
                0x020331c0                ax32xx_mjpegDecodeInitTable
                0x02033204                ax32xx_mjpegDecodeInit
                0x02033408                ax32xx_mjpegDecodeDCTimeSet
                0x020334a8                ax32xx_mjpegDecodeEnable
                0x02033524                ax32xx_mjpegDecodeKick
                0x0203357c                ax32xx_mjpegDecodeStop
                0x020335b8                ax32xx_mjpegBIRQHandler
                0x020336b4                ax32xx_mjpegDecodeQDTCfg
                0x02033714                ax32xx_mjpegDecodeStatus
                0x02033748                ax32xx_mjpegDecodeCheck
                0x02033778                ax32xx_mjpegDecodeODma1Cfg
                0x0203380c                ax32xx_mjpB_Ctl_init
                0x02033ac0                ax32xx_mjpB_Linebuf_cfg
                0x02033adc                ax32xx_mjpB_dma_cfg
                0x02033b08                ax32xx_mjpB_stop
                0x02033b70                ax32xx_mjpB_on
                0x02033bbc                ax32xx_mjpB_stop_2
                0x02033c10                ax32xx_mjpegB_encode_check
                0x02033d84                ax32xx_mjpB_on_2
                0x02033dbc                jpeg1_decode_check
 .text          0x02033e58        0x0 ./Debug/resource_user_icon.c.o
 .text          0x02033e58        0x0 ./Debug/resource_user_str.c.o
 .text          0x02033e58      0x110 ./Debug/src_hal_adc.c.o
                0x02033e58                hal_adcInit
                0x02033e94                hal_adcRead
                0x02033ec0                hal_adcSetChannel
                0x02033f0c                hal_adcGetChannel
                0x02033f48                hal_adcVDDRTCCalculate
 .text          0x02033f68       0xf0 ./Debug/src_hal_csi.c.o
                0x02033f68                hal_csiMCLKSet
                0x02033f88                hal_csiRegister
                0x02033fbc                hal_csiResolutionGet
                0x02034018                hal_csiAdptGet
                0x02034038                hal_csi_SeninitGet
 .text          0x02034058      0x24c ./Debug/src_hal_dac.c.o
                0x020340a0                hal_dacInit
                0x020340f8                hal_dacPlayStart
                0x020341a4                hal_dacPlayStop
                0x020341d0                hal_dacSetVolume
                0x02034234                hal_dacSetBuffer
                0x02034258                hal_dacCallBackRegister
                0x0203427c                hal_dacHPSet
 .text          0x020342a4        0x0 ./Debug/src_hal_eeprom.c.o
 .text          0x020342a4      0x2cc ./Debug/src_hal_gpio.c.o
                0x020342a4                hal_gpioInit
                0x0203434c                hal_gpioInit_io1d1
                0x020343f4                hal_io1d1_softstart
                0x02034424                hal_io1d1_softstart_clr
                0x0203444c                hal_io1d1_pd_enable
                0x02034474                hal_gpioEPullSet
                0x020344d0                hal_gpioWrite
                0x020344f8                hal_gpioRead
                0x0203451c                hal_gpioIntInit
                0x02034544                hal_gpioLedInit
 .text          0x02034570      0x64c ./Debug/src_hal_iic.c.o
                0x02034570                hal_iic0Init
                0x0203459c                hal_iic0Uninit
                0x020345bc                hal_iic08bitAddrWriteData
                0x02034658                hal_iic08bitAddrReadData
                0x02034710                hal_iic08bitAddrWrite
                0x020347d0                hal_iic08bitAddrRead
                0x020348a4                hal_iic016bitAddrWriteData
                0x0203494c                hal_iic016bitAddrReadData
                0x02034a10                hal_iic016bitAddrWrite
                0x02034adc                hal_iic016bitAddrRead
 .text          0x02034bbc     0x17e0 ./Debug/src_hal_lcd.c.o
                0x02034e84                hal_lcdSetBufYUV
                0x02034f18                hal_lcd_vde_cfg
                0x02034f50                hal_lcd_gamma_cfg
                0x02034f64                usb_lcd_cfg
                0x02034f78                lcd_isp_config
                0x02034f8c                hal_lcdLCMPowerOff
                0x02035004                hal_lcdPreviewStop
                0x02035050                hal_lcdSetShowingSize
                0x02035068                hal_lcdSetRoate
                0x02035080                hal_lcdDealBuffer
                0x02035134                hal_lcdGetShowingBuffer
                0x02035198                hal_lcdGetIdleBuffer
                0x020351d8                hal_lcdPreviewStart
                0x0203531c                hal_lcdSetFrame
                0x02035344                vch_debug
                0x02035430                hal_lcdSetVCH
                0x02035508                hal_lcdUpdataVCH
                0x02035604                hal_lcdSwitchFrame2
                0x02035884                hal_lcdPreSetPIPEnable
                0x020358a4                hal_lcdSetPIPEnable
                0x020358dc                hal_lcdGetResolution
                0x02035960                hal_lcdGetOSDShowingResolution
                0x020359bc                hal_lcdGetOSDShowingPosition
                0x02035a18                hal_lcdGetShowingRotate
                0x02035a48                hal_lcdGetBufferResolution
                0x02035aa4                hal_lcdGetVideoPos
                0x02035b00                deocode_done
                0x02035b60                hal_lcd_get_next_frame
                0x02035c10                lcd_struct_get
                0x02035c30                hal_lcdFrameEndCallBack
                0x02035c7c                hal_lcdRegister
                0x02036318                hal_lcd_lsawtooth
                0x02036338                hal_lcdSetCsiCrop
 .text          0x0203639c      0x75c ./Debug/src_hal_osd.c.o
                0x0203639c                hal_osdGetIdleRotateBuffer
                0x020363c0                hal_osdGetIdleCmpBuffer
                0x020363e4                hal_osdGetIdleDispBuffer
                0x02036408                hal_osdBufferRelease
                0x02036430                hal_osdDealBuffer
                0x020364b0                hal_osdInit
                0x02036754                hal_osdGetCurBuff
                0x02036794                hal_osdGetFreeBuff
                0x020367e4                hal_osdSetBuff
                0x0203684c                hal_osdEnable
                0x02036888                hal_osdSetAddr
                0x020368c4                hal_osdSetBuffer
                0x02036944                hal_osdSetPosition
                0x0203698c                hal_osdSetPalette
                0x020369c4                hal_osdSetSize
                0x02036a04                hal_osdSetAlpha
                0x02036a44                hal_osdGetBufferResolution
                0x02036aa8                hal_deSet_DE_CCM
                0x02036ad0                hal_deSet_DE_SAJ
 .text          0x02036af8      0xc88 ./Debug/src_hal_rtc.c.o
                0x02036b24                hal_rtcCallBackRegister
                0x02036b84                hal_rtcCallBackRelease
                0x02036bc0                hal_rtcUninit
                0x02036bfc                hal_rtcTimeGet
                0x02036c18                hal_rtcTimeGetExt
                0x02036c4c                hal_rtcSecondGet
                0x02036c6c                hal_rtcTime2String
                0x02036f20                hal_rtcTime2StringExt
                0x02036f84                hal_rtcLeapYear
                0x020371a0                hal_rtcTime
                0x020372b4                hal_rtcInit
                0x020373dc                hal_rtcSecondSet
                0x02037418                hal_rtcValue
                0x02037528                hal_rtcTimeSet
                0x020375c8                hal_rtcAlarmSet
                0x02037658                hal_rtcAlarmSetExt
                0x020376fc                hal_rtcAlarmStatusGet
                0x02037738                hal_vddWKOEnable
                0x0203775c                hal_vddGSENEnable
 .text          0x02037780      0xafc ./Debug/src_hal_sd.c.o
                0x0203781c                hal_sdStop
                0x02037aac                hal_sdNextLBA
                0x02037acc                hal_sdInit
                0x02037f54                hal_sdUninit
                0x02037f80                hal_sdLock
                0x02037fc0                hal_sdUnlock
                0x02037fec                hal_sdCheck
                0x02038060                hal_sdSetCardState
                0x02038080                hal_sdGetCardState
                0x020380a0                hal_sdGetBusWidth
                0x020380c0                hal_sdCapacity
                0x020380e0                hal_sdExist
                0x02038108                hal_sdWrite
                0x020381a8                hal_speed_callback
                0x020381fc                hal_sdRead
 .text          0x0203827c      0xad4 ./Debug/src_hal_spi.c.o
                0x0203827c                hal_spiIOShare
                0x02038294                hal_spiIOCheck
                0x020382a8                hal_spiInit
                0x020382d4                hal_spiSendByte
                0x020382f8                hal_spiSend
                0x02038318                hal_spiRecvByte
                0x02038338                hal_spiRecv
                0x02038378                hal_spiCSConfig
                0x0203839c                hal_spiFlashReadID
                0x020383fc                hal_spiFlashWriteEnable
                0x02038430                hal_spiFlashWait
                0x020384b4                hal_spiFlashReadPage
                0x0203852c                hal_spiFlashRead
                0x020385f4                hal_spiFlashWritePage
                0x02038674                hal_spiFlashWrite
                0x02038710                hal_spiFlashEraseSector
                0x0203877c                hal_spiFlashEraseBlock
                0x020387e0                hal_spiFlashEraseChip
                0x0203881c                spi_udisk_jpg_num
                0x0203883c                spi_udisk_write_jpg
                0x02038a6c                spi_udisk_del_jpg
                0x02038b00                spi_udisk_read_jpg_size
                0x02038b18                spi_udisk_read_jpg
                0x02038bb4                spi_udisk_get_list_idx
                0x02038bfc                spi_udisk_format
                0x02038c94                spi_udisk_init
                0x02038d24                spi_udisk_jpg_free_num
 .text          0x02038d50      0x128 ./Debug/src_hal_timer.c.o
                0x02038d50                hal_timerStart
                0x02038d74                hal_timerStop
                0x02038d98                hal_timerEnable
                0x02038dd0                hal_timerTickEnable
                0x02038e08                hal_timerTickGet
                0x02038e28                hal_timerPWMStart
                0x02038e54                hal_timerPWMStop
 .text          0x02038e78      0x67c ./Debug/src_hal_uart.c.o
                0x02038edc                hal_uartIOShare
                0x02038f1c                hal_uartIOShareCheck
                0x02038f64                hal_uartInit
                0x02038fb4                hal_uartSendData
                0x02038fd8                hal_uartRXIsrRegister
                0x02038ff8                uart_PutChar_n
                0x0203902c                uart_PutStr
                0x0203906c                uart_Put_hex
                0x02039198                uart_Put_udec
                0x0203922c                uart_Put_dec
                0x020392d4                uart_Printf
                0x02039418                uart_PrintfBuf
                0x020394b0                hal_uartPrintString
 .text          0x020394f4      0x64c ./Debug/src_hal_watermark.c.o
                0x0203955c                hal_watermarkInit
                0x0203960c                hal_watermarkClose
                0x020396a4                hal_watermarkClear
                0x02039724                hal_watermarkOpen
                0x020397c4                hal_watermarkColor
                0x02039818                hal_watermarkAddr
                0x02039830                hal_watermarkSize
                0x0203987c                hal_watermarkPosition
                0x020398c8                hal_watermarkCallbackRegister
                0x02039910                hal_watermarkRam
                0x020399b0                hal_watermarkEnable
                0x02039b20                hal_watermarkBPos_Adjust
 .text          0x02039b40      0x3c4 ./Debug/src_hal_sys.c.o
                0x02039b88                hal_sysInit
                0x02039ca4                hal_sysMemPrint
                0x02039cd4                hal_sysMemMalloc
                0x02039da4                hal_sysMemFree
                0x02039e98                hal_sysMemRemain
 .text          0x02039f04      0xa74 ./Debug/src_hal_auadc.c.o
                0x02039f04                _hal_auadcCallBackEnd
                0x0203a000                _hal_auadcCallBackHalf
                0x0203a058                hal_audc_33ms_syncnt_clr
                0x0203a084                hal_audc_stamp_cal
                0x0203a0b0                hal_audc_stamp_out
                0x0203a104                hal_audc_stamp_next
                0x0203a160                hal_auadcCallBackEnd
                0x0203a1dc                hal_auadcInit
                0x0203a224                hal_auadcMemInit
                0x0203a2c8                hal_auadcMemUninit
                0x0203a33c                hal_auadc_cnt
                0x0203a36c                _hal_auadcStartForUAC
                0x0203a44c                hal_auadcStartForWAV
                0x0203a464                hal_auadcStartForAVI
                0x0203a588                hal_auadcBufferGet
                0x0203a668                hal_auadcBufferfree
                0x0203a694                hal_auadcStop
                0x0203a6bc                hal_auadcBufferRelease
                0x0203a6e4                hal_auadcUACProcess
                0x0203a7c4                hal_adcBuffer_prefull
                0x0203a828                hal_adcBuffer_halffull
                0x0203a840                hal_adc_volume_set
                0x0203a860                hal_uac_send
                0x0203a8c4                hal_auadcStartForUAC
 .text          0x0203a978     0x3230 ./Debug/src_hal_mjpeg.c.o
                0x0203a978                hal_mjpegStart
                0x0203a9a8                hal_save_frame_isr
                0x0203ab54                hal_mjpeg_manual_on
                0x0203abd4                hal_mjpegQualityCheck
                0x0203ac9c                hal_mjpegCallback_state
                0x0203acd8                hal_mjpegCallback
                0x0203af24                hal_mjpeg_manual_fdown
                0x0203b348                hal_jA_fcnt_get
                0x0203b378                hal_mjpeg_mallocbuf
                0x0203b398                hal_mjpegEncodeResolutionImageQuad
                0x0203b3dc                hal_mjpegSrcCSI
                0x0203b520                hal_mjpegSrcRam
                0x0203b534                hal_mjpegSrcColorBar
                0x0203b5bc                hal_Cut_SDR_SrcCSI
                0x0203b690                hal_mjpegMemInit
                0x0203b7e0                hal_mjpegMemUninit
                0x0203b860                hal_mjpegEncodeInit
                0x0203b8c4                hal_mjpegEncodeUninit
                0x0203b914                hal_mjpegEncodeResolution
                0x0203b950                hal_mjpegEncodeResolutionImage
                0x0203b98c                hal_mjpegSizecalculate
                0x0203b9b8                imageGetYuvAddr
                0x0203b9ec                hal_mjpeg_get_num
                0x0203ba0c                imageGetYuvLen
                0x0203ba2c                hal_mjpeg_rev_buf_init
                0x0203bae8                hal_mjpeg_rev_buf_malloc
                0x0203bb54                hal_mjpeg_rev_buf_free
                0x0203bba0                hal_mjpeg_queue_init
                0x0203bc40                hal_mjpeg_post_msg
                0x0203bcd0                hal_mjpeg_manual_quad_on
                0x0203bd38                hal_mjpeg_manual_quad_fdown
                0x0203bf40                hal_mjpeg_manual_get_csi_yuv_sta
                0x0203bf60                hal_mjpeg_software_handle_csi_yuvbuf
                0x0203bfc8                hal_mjpegUVCStart
                0x0203c2d8                hal_mjpegPhotoStart
                0x0203c6cc                hal_mjpegAVIStart
                0x0203cae8                hal_mjpegRawDataGet
                0x0203cb00                hal_mjpegRawBuffer_prefull
                0x0203cb70                hal_mjpegRawBuffer_halffull
                0x0203cbe0                hal_mjpegRawBufferfree
                0x0203cc08                hal_mjpegRawBufferGet
                0x0203cd78                hal_mjpegRawDataSet
                0x0203cda0                hal_mjpegHeaderParse
                0x0203d42c                hal_mjpegDecodeGetResolution
                0x0203d474                hal_mjpegDecodeSetResolution
                0x0203d498                hal_mjpeglDecodeGetResolution
                0x0203d4d0                hal_mjpeglDecodeSetResolution
                0x0203d4fc                hal_mjpegDecodeStatusCheck
                0x0203d51c                hal_mjpegDecodeErrorCheck
                0x0203d53c                hal_mjpegDecodeMiniSize
                0x0203d6c0                hal_mjpegDecodeStop
                0x0203d6e0                hal_mjpegDecodeReset
                0x0203d70c                hal_mjpegDecodePicture
                0x0203d77c                hal_mjpegDecodeNoIsr
                0x0203d7e8                hal_mjpg_scale_down
                0x0203d900                hal_mjpegDecodeParse
                0x0203d930                hal_mjpegDecodeOneFrame
                0x0203d988                hal_mjpegDecodeOneFrame_Ext
                0x0203da10                hal_mjpegDecodeRestart_Ext
                0x0203da7c                hal_mjpegDecodeOneFrame_Fast
                0x0203db40                hal_mjpegDecodeODma1Cfg
                0x0203db64                hal_curBuffer_clear
 .text          0x0203dba8       0x34 ./Debug/src_hal_int.c.o
                0x0203dba8                hal_intInit
 .text          0x0203dbdc        0x0 ./Debug/src_hal_wdt.c.o
 .text          0x0203dbdc      0x4bc ./Debug/src_hal_stream.c.o
                0x0203dbdc                hal_streamInit
                0x0203dcd4                hal_streamMalloc
                0x0203ddbc                hal_streamIn_Drop
                0x0203de20                hal_streamIn
                0x0203debc                hal_streamOut
                0x0203df48                hal_streamOut_next
                0x0203dfd8                hal_streamfree
                0x0203e080                hal_stream_size
 .text          0x0203e098        0x0 ./Debug/src_hal_emi.c.o
 .text          0x0203e098      0x1cc ./Debug/src_hal_osdcmp.c.o
                0x0203e134                hal_osdcmpStart
                0x0203e218                hal_osdcmpInit
                0x0203e240                hal_osdcmpCompOneFrame
 .text          0x0203e264      0x328 ./Debug/src_hal_rotate.c.o
                0x0203e3f8                hal_rotateInit
                0x0203e44c                hal_rotateAdd
 .text          0x0203e58c      0xaac ./Debug/src_hal_lcdframe.c.o