Archive member included because of file (symbol)

../bwlib\liblimage.a(imageL_encode.o)
                              ./Debug/taskPhotoEncode.c.o (imageEncodeQuadStart)
../bwlib\libeffect.a(user_effect.o)
                              ./Debug/multimedia_user_media.c.o (warpHandle)
../bwlib\libmp3.a(mp3_decode_api.o)
                              ./Debug/taskAudioPlayer.c.o (mp3_dac_memInit)
../bwlib\libmp3.a(decoder.o)  ../bwlib\libmp3.a(mp3_decode_api.o) (mad_decoder_init)
../bwlib\libmp3.a(stream.o)   ../bwlib\libmp3.a(decoder.o) (mad_stream_init)
../bwlib\libmp3.a(synth.o)    ../bwlib\libmp3.a(decoder.o) (mad_synth_init)
../bwlib\libmp3.a(bit.o)      ../bwlib\libmp3.a(stream.o) (mad_bit_init)
../bwlib\libmp3.a(frame.o)    ../bwlib\libmp3.a(decoder.o) (mad_frame_finish)
../bwlib\libmp3.a(layer12.o)  ../bwlib\libmp3.a(frame.o) (mad_layer_I)
../bwlib\libmp3.a(timer.o)    ../bwlib\libmp3.a(frame.o) (mad_timer_set)
../bwlib\libmp3.a(layer3.o)   ../bwlib\libmp3.a(frame.o) (mad_layer_III)
../bwlib\libmp3.a(huffman.o)  ../bwlib\libmp3.a(layer3.o) (mad_huff_pair_table)
../bwlib\libsd.a(ax32xx_sd.o)
                              ./Debug/src_hal_sd.c.o (ax32xx_sd0Init)
../bwlib\libavi.a(aviEncoder.o)
                              ./Debug/video_video_record.c.o (aviEncodeInit)
../bwlib\libavi.a(encoder_std.o)
                              ../bwlib\libavi.a(aviEncoder.o) (avi_encoder_std)
../bwlib\libavi.a(encoder_odml.o)
                              ../bwlib\libavi.a(aviEncoder.o) (avi_odmlAddoffset)
../bwlib\libavi.a(aviDecoder.o)
                              ./Debug/video_video_playback.c.o (aviDecodeInit)
../bwlib\libavi.a(decoder_std.o)
                              ../bwlib\libavi.a(aviDecoder.o) (avi_standard)
../bwlib\libavi.a(decoder_odml.o)
                              ../bwlib\libavi.a(aviDecoder.o) (avi_opendml)
../bwlib\libfs.a(fs.o)        ./Debug/taskSysScanDevice.c.o (fs_nodeinit)
../bwlib\libfs.a(diskio.o)    ./Debug/main.c.o (fs_init)
../bwlib\libfs.a(ff.o)        ../bwlib\libfs.a(fs.o) (clst2sect)
../bwlib\libfs.a(ffunicode.o)
                              ../bwlib\libfs.a(ff.o) (ff_uni2oem)
C:/MinGW-4.7.1/or1k-elf/lib/no-delay\libc.a(lib_a-memcmp.o)
                              ../bwlib\libfs.a(ff.o) (memcmp)
C:/MinGW-4.7.1/or1k-elf/lib/no-delay\libc.a(lib_a-memcpy.o)
                              ./Debug/resource_manager.c.o (memcpy)
C:/MinGW-4.7.1/or1k-elf/lib/no-delay\libc.a(lib_a-memmove.o)
                              ./Debug/game_tetris.c.o (memmove)
C:/MinGW-4.7.1/or1k-elf/lib/no-delay\libc.a(lib_a-memset.o)
                              ./Debug/main.c.o (memset)
C:/MinGW-4.7.1/or1k-elf/lib/no-delay\libc.a(lib_a-strcasecmp.o)
                              ./Debug/resource_manager.c.o (strcasecmp)
C:/MinGW-4.7.1/or1k-elf/lib/no-delay\libc.a(lib_a-strcat.o)
                              ./Debug/resource_manager.c.o (strcat)
C:/MinGW-4.7.1/or1k-elf/lib/no-delay\libc.a(lib_a-strchr.o)
                              ../bwlib\libfs.a(ff.o) (strchr)
C:/MinGW-4.7.1/or1k-elf/lib/no-delay\libc.a(lib_a-strcmp.o)
                              ./Debug/resource_manager.c.o (strcmp)
C:/MinGW-4.7.1/or1k-elf/lib/no-delay\libc.a(lib_a-strcpy.o)
                              ./Debug/resource_manager.c.o (strcpy)
C:/MinGW-4.7.1/or1k-elf/lib/no-delay\libc.a(lib_a-strlen.o)
                              ./Debug/resource_manager.c.o (strlen)
C:/MinGW-4.7.1/or1k-elf/lib/no-delay\libc.a(lib_a-strncmp.o)
                              ./Debug/resource_manager.c.o (strncmp)
C:/MinGW-4.7.1/or1k-elf/lib/no-delay\libc.a(lib_a-strstr.o)
                              ../bwlib\liblimage.a(imageL_encode.o) (strstr)
C:/MinGW-4.7.1/or1k-elf/lib/no-delay\libc.a(lib_a-ctype_.o)
                              C:/MinGW-4.7.1/or1k-elf/lib/no-delay\libc.a(lib_a-strcasecmp.o) (__ctype_ptr__)
C:/MinGW-4.7.1/or1k-elf/lib/no-delay\libc.a(lib_a-memchr.o)
                              C:/MinGW-4.7.1/or1k-elf/lib/no-delay\libc.a(lib_a-strstr.o) (memchr)
C:/MinGW-4.7.1/lib/gcc/or1k-elf/4.9.1/no-delay\libgcc.a(_muldi3.o)
                              ../bwlib\libmp3.a(mp3_decode_api.o) (__muldi3)
C:/MinGW-4.7.1/lib/gcc/or1k-elf/4.9.1/no-delay\libgcc.a(_udivdi3.o)
                              ../bwlib\libmp3.a(mp3_decode_api.o) (__udivdi3)
C:/MinGW-4.7.1/lib/gcc/or1k-elf/4.9.1/no-delay\libgcc.a(addsf3.o)
                              ../bwlib\libeffect.a(user_effect.o) (__addsf3)
C:/MinGW-4.7.1/lib/gcc/or1k-elf/4.9.1/no-delay\libgcc.a(divsf3.o)
                              ../bwlib\libeffect.a(user_effect.o) (__divsf3)
C:/MinGW-4.7.1/lib/gcc/or1k-elf/4.9.1/no-delay\libgcc.a(eqsf2.o)
                              ../bwlib\libeffect.a(user_effect.o) (__eqsf2)
C:/MinGW-4.7.1/lib/gcc/or1k-elf/4.9.1/no-delay\libgcc.a(gesf2.o)
                              ../bwlib\libeffect.a(user_effect.o) (__gtsf2)
C:/MinGW-4.7.1/lib/gcc/or1k-elf/4.9.1/no-delay\libgcc.a(mulsf3.o)
                              ../bwlib\libeffect.a(user_effect.o) (__mulsf3)
[...]
Memory Configuration

Name             Origin             Length             Attributes
boot             0x01fffc00         0x00000200
ram_boot         0x00000000         0x00005000
ram_user         0x00000000         0x00005000
usbfifo          0x00008000         0x00001000
sdram            0x02000000         0x00200000
exsdram          0x00000000         0x00800000
*default*        0x00000000         0xffffffff

Linker script and memory map

LOAD ./Debug/ax32xx_reset.S.o
LOAD ./Debug/ax32xx_spi_boot_cfg.S.o
LOAD ./Debug/ax32xx_BLDRX32.S.o
LOAD ./Debug/main.c.o
LOAD ./Debug/resource_manager.c.o
LOAD ./Debug/board.c.o
LOAD ./Debug/board_bwv1.c.o
LOAD ./Debug/config.c.o
LOAD ./Debug/display.c.o
LOAD ./Debug/explorer.c.o
LOAD ./Debug/filelist.c.o
LOAD ./Debug/font.c.o
LOAD ./Debug/icon.c.o
LOAD ./Debug/configGetValue.c.o
LOAD ./Debug/configSystem.c.o
LOAD ./Debug/logo.c.o
LOAD ./Debug/menuMovieRec.c.o
LOAD ./Debug/msgDeal.c.o
LOAD ./Debug/msgSysRecommend.c.o
LOAD ./Debug/msgSysUnshielded.c.o
LOAD ./Debug/taskManage.c.o
LOAD ./Debug/taskPhotoEncode.c.o
LOAD ./Debug/taskPhotoEncodeMsg.c.o
LOAD ./Debug/taskPlayBack.c.o
LOAD ./Debug/taskPlayBackMsg.c.o
LOAD ./Debug/taskPowerOff.c.o
LOAD ./Debug/taskSysScanDevice.c.o
LOAD ./Debug/taskUsbDevice.c.o
LOAD ./Debug/taskVideoRecord.c.o
LOAD ./Debug/taskVideoRecordMsg.c.o
LOAD ./Debug/toolFunc.c.o
LOAD ./Debug/uiMenuDateTimeMsg.c.o
LOAD ./Debug/uiMenuDefaultMsg.c.o
LOAD ./Debug/uiMenuDelAllMsg.c.o
LOAD ./Debug/uiMenuDelCurMsg.c.o
LOAD ./Debug/uiMenuFormatMsg.c.o
LOAD ./Debug/uiMenuItemMsg.c.o
LOAD ./Debug/uiPhotoSettingMsg.c.o
LOAD ./Debug/uiMenuOptionMsg.c.o
LOAD ./Debug/uiMenuUsbMsg.c.o
LOAD ./Debug/uiNoFileMsg.c.o
LOAD ./Debug/uiTips1Msg.c.o
LOAD ./Debug/uiTipsMsg.c.o
LOAD ./Debug/uiWin.c.o
LOAD ./Debug/uiMenuVersionMsg.c.o
LOAD ./Debug/taskAudioPlayer.c.o
LOAD ./Debug/taskAudioPlayerMsg.c.o
LOAD ./Debug/taskAudioPlayerRes.c.o
LOAD ./Debug/taskPhotoEncodeRes.c.o
LOAD ./Debug/taskPlayBackRes.c.o
LOAD ./Debug/taskVideoRecordRes.c.o
LOAD ./Debug/uiMenuDateTimeRes.c.o
LOAD ./Debug/uiMenuDefaultRes.c.o
LOAD ./Debug/uiMenuDelAllRes.c.o
LOAD ./Debug/uiMenuDelCurRes.c.o
LOAD ./Debug/uiMenuFormatRes.c.o
LOAD ./Debug/uiMenuItemRes.c.o
LOAD ./Debug/uiMenuOptionRes.c.o
LOAD ./Debug/uiMenuUsbRes.c.o
LOAD ./Debug/uiMenuVersionRes.c.o
LOAD ./Debug/uiNoFileRes.c.o
LOAD ./Debug/uiTips1Res.c.o
LOAD ./Debug/uiTipsRes.c.o
LOAD ./Debug/taskMainMenu.c.o
LOAD ./Debug/taskMainMenuMsg.c.o
LOAD ./Debug/taskMainMenuRes.c.o
LOAD ./Debug/taskSettingMenu.c.o
LOAD ./Debug/userInterface.c.o
LOAD ./Debug/upgrade.c.o
LOAD ./Debug/game_block.c.o
LOAD ./Debug/game_snake.c.o
LOAD ./Debug/game_sokoban.c.o
LOAD ./Debug/game_tetris.c.o
LOAD ./Debug/taskGame.c.o
LOAD ./Debug/taskGameMenu.c.o
LOAD ./Debug/taskGameMenuMsg.c.o
LOAD ./Debug/taskGameMenuRes.c.o
LOAD ./Debug/game_plane.c.o
LOAD ./Debug/game_maze.c.o
LOAD ./Debug/menuPhotoSettingRec.c.o
LOAD ./Debug/xos_x_cpu.c.o
LOAD ./Debug/xos_xmbox.c.o
LOAD ./Debug/xos_xmsgq.c.o
LOAD ./Debug/xos_xos.c.o
LOAD ./Debug/xos_xwork.c.o
LOAD ./Debug/multimedia_user_media.c.o
LOAD ./Debug/sUI_button.c.o
LOAD ./Debug/sUI_dialog.c.o
LOAD ./Debug/sUI_frameWin.c.o
LOAD ./Debug/sUI_imageIcon.c.o
LOAD ./Debug/sUI_itemManage.c.o
LOAD ./Debug/sUI_menuItem.c.o
LOAD ./Debug/sUI_menuItemEx.c.o
LOAD ./Debug/sUI_menuOption.c.o
LOAD ./Debug/sUI_progressBar.c.o
LOAD ./Debug/sUI_rect.c.o
LOAD ./Debug/sUI_stringIcon.c.o
LOAD ./Debug/sUI_tips.c.o
LOAD ./Debug/sUI_uiAlloc.c.o
LOAD ./Debug/sUI_widget.c.o
LOAD ./Debug/sUI_winManage.c.o
LOAD ./Debug/sUI_memPool.c.o
LOAD ./Debug/sUI_widgetManage.c.o
LOAD ./Debug/src_ax32xx_int.c.o
LOAD ./Debug/src_ax32xx_sys.c.o
LOAD ./Debug/src_ax32xx_dma.c.o
LOAD ./Debug/src_ax32xx_wdt.c.o
LOAD ./Debug/src_ax32xx_gpio.c.o
LOAD ./Debug/src_ax32xx_uart.c.o
LOAD ./Debug/src_ax32xx_timer.c.o
LOAD ./Debug/src_ax32xx_tminf.c.o
LOAD ./Debug/src_ax32xx_spi.c.o
LOAD ./Debug/src_ax32xx_rtc.c.o
LOAD ./Debug/src_ax32xx_iic.c.o
LOAD ./Debug/src_ax32xx_dac.c.o
LOAD ./Debug/src_ax32xx_adc.c.o
LOAD ./Debug/src_ax32xx_auadc.c.o
LOAD ./Debug/src_jpeg_table.c.o
LOAD ./Debug/src_ax32xx_usb.c.o
LOAD ./Debug/src_ax32xx_misc.c.o
LOAD ./Debug/src_ax32xx_pip.c.o
LOAD ./Debug/src_ax32xx_btuart.c.o
LOAD ./Debug/src_ax32xx_crc.c.o
LOAD ./Debug/src_ax32xx_emi.c.o
LOAD ./Debug/src_ax32xx_rotate.c.o
LOAD ./Debug/src_ax32xx_osdcmp.c.o
LOAD ./Debug/src_ax32xx_isp.c.o
LOAD ./Debug/osd_ax32xx_osd.c.o
LOAD ./Debug/csi_ax32xx_csi.c.o
LOAD ./Debug/lcd_ax32xx_lcd.c.o
LOAD ./Debug/mjpeg_ax32xx_mjpeg.c.o
LOAD ./Debug/resource_user_icon.c.o
LOAD ./Debug/resource_user_str.c.o
LOAD ./Debug/src_hal_adc.c.o
LOAD ./Debug/src_hal_csi.c.o
LOAD ./Debug/src_hal_dac.c.o
LOAD ./Debug/src_hal_eeprom.c.o
LOAD ./Debug/src_hal_gpio.c.o
LOAD ./Debug/src_hal_iic.c.o
LOAD ./Debug/src_hal_lcd.c.o
LOAD ./Debug/src_hal_osd.c.o
LOAD ./Debug/src_hal_rtc.c.o
LOAD ./Debug/src_hal_sd.c.o
LOAD ./Debug/src_hal_spi.c.o
LOAD ./Debug/src_hal_timer.c.o
LOAD ./Debug/src_hal_uart.c.o
LOAD ./Debug/src_hal_watermark.c.o
LOAD ./Debug/src_hal_sys.c.o
LOAD ./Debug/src_hal_auadc.c.o
LOAD ./Debug/src_hal_mjpeg.c.o
LOAD ./Debug/src_hal_int.c.o
LOAD ./Debug/src_hal_wdt.c.o
LOAD ./Debug/src_hal_stream.c.o
LOAD ./Debug/src_hal_emi.c.o
LOAD ./Debug/src_hal_osdcmp.c.o
LOAD ./Debug/src_hal_rotate.c.o
LOAD ./Debug/src_hal_lcdframe.c.o
LOAD ./Debug/src_hal_custom_yuv.c.o
LOAD ./Debug/dusb_hal_usb_api.c.o
LOAD ./Debug/dusb_hal_usb_dev_enum.c.o
LOAD ./Debug/dusb_hal_usb_msc.c.o
LOAD ./Debug/dusb_hal_usb_uac.c.o
LOAD ./Debug/dusb_hal_usb_uvc.c.o
LOAD ./Debug/audio_audio_playback.c.o
LOAD ./Debug/audio_audio_record.c.o
LOAD ./Debug/audio_ring_buffer.c.o
LOAD ./Debug/video_video_playback.c.o
LOAD ./Debug/video_video_record.c.o
LOAD ./Debug/image_image_decode.c.o
LOAD ./Debug/image_image_encode.c.o
LOAD ./Debug/wav_alaw.c.o
LOAD ./Debug/wav_imaadpcm.c.o
LOAD ./Debug/wav_pcm.c.o
LOAD ./Debug/wav_ulaw.c.o
LOAD ./Debug/wav_wav.c.o
LOAD ./Debug/stream_stream.c.o
LOAD ./Debug/cmos_sensor_cmos_sensor.c.o
LOAD ./Debug/cmos_sensor_SENSOR_BF3a03.c.o
LOAD ./Debug/cmos_sensor_SENSOR_BF2013.c.o
LOAD ./Debug/cmos_sensor_SENSOR_BF3703.c.o
LOAD ./Debug/cmos_sensor_SENSOR_GC0307.c.o
LOAD ./Debug/cmos_sensor_SENSOR_GC0308.c.o
LOAD ./Debug/cmos_sensor_SENSOR_GC0309.c.o
LOAD ./Debug/cmos_sensor_SENSOR_GC0328.c.o
LOAD ./Debug/cmos_sensor_SENSOR_OV7670.c.o
LOAD ./Debug/cmos_sensor_SENSOR_SP0838.c.o
LOAD ./Debug/cmos_sensor_SENSOR_SP0A18.c.o
LOAD ./Debug/cmos_sensor_SENSOR_GC0329.c.o
LOAD ./Debug/cmos_sensor_SENSOR_SIV100B.c.o
LOAD ./Debug/tft_lcd_lcd_mcu_st7789.c.o
LOAD ./Debug/tft_lcd_tft_lcd.c.o
LOAD ./Debug/tft_lcd_lcd_mcu_ili9328.c.o
LOAD ./Debug/tft_lcd_lcd_mcu_st7789v.c.o
LOAD ./Debug/tft_lcd_lcd_mcu_hx8352c.c.o
LOAD ./Debug/tft_lcd_lcd_mcu_9225G.c.o
LOAD ./Debug/tft_lcd_lcd_mcu_nv3030b.c.o
LOAD ./Debug/nvfs_nvfs.c.o
LOAD ./Debug/Maxlib_max_user.c.o
LOAD ./Debug/Maxlib_uiDraw.c.o
LOAD ./Debug/std_misc.c.o
LOAD ./Debug/std_std_math.c.o
LOAD ./Debug/std_str.c.o
LOAD ./Debug/res_ascii.c.o
LOAD ./Debug/res_ascii_default.c.o
LOAD ./Debug/res_ascii_default_draw.c.o
LOAD ./Debug/res_R.c.o
LOAD ./Debug/res_R_icon.c.o
LOAD ./Debug/res_R_string.c.o
LOAD ./Debug/res_unicode_font.c.o
LOAD ./Debug/res_ascii_num3.c.o
LOAD ./Debug/res_ascii_num3_draw.c.o
LOAD ../bwlib\liblimage.a
LOAD ../bwlib\libeffect.a
LOAD ../bwlib\libmp3.a
LOAD ../bwlib\libsd.a
LOAD ../bwlib\libavi.a
LOAD ../bwlib\libfs.a
LOAD C:/MinGW-4.7.1/or1k-elf/lib/no-delay\libc.a
LOAD C:/MinGW-4.7.1/lib/gcc/or1k-elf/4.9.1/no-delay\libgcc.a

.bootsec        0x01fffc00      0x200 load address 0x00000000
 *(.bootsec)
 .bootsec       0x01fffc00      0x200 ./Debug/ax32xx_BLDRX32.S.o
                0x01fffc10                hex
                0x01fffc10                .hex
                0x01fffdd8                .bootsect

.exception      0x00000000     0x1e3c load address 0x00000200
                0x00000000                _exception_vma = .
 *(.vector)
 .vector        0x00000000      0x3d0 ./Debug/ax32xx_reset.S.o
                0x00000304                _start
                0x00000340                _step_in
                0x00000384                _step_out
 *(.vector.text)
 .vector.text   0x000003d0     0x1668 ./Debug/src_ax32xx_int.c.o
                0x00000514                _rtcRamWrite
                0x000005bc                _rtcRamRead
                0x00000670                my_putchar
                0x00000684                exception_uart_puts
                0x00000698                my_memset
                0x000006c8                exception_init
                0x0000076c                ax32xx_vddrtcCalculate
                0x00000798                dllcon_init
                0x00000944                sdram_init
                0x00000a14                adcRead
                0x00000a6c                adcConverStart
                0x00000a90                adcSetBaudrate
                0x00000ac0                sysClkSet
                0x00000b1c                adcEnable
                0x00000b84                adcGetChannel
                0x00000bbc                sdram_tuning_check_2
                0x00000d3c                _sdr_tuning2_conifg_set
                0x00000d5c                crc_cal
                0x00000dd0                sdram_clock_tune
                0x000017b0                exception
                0x00001a1c                exception_trigger
 *(.vector.data)
 .vector.data   0x00001a38      0x100 ./Debug/ax32xx_reset.S.o
                0x00001a38                _step_data
 .vector.data   0x00001b38      0x304 ./Debug/src_ax32xx_int.c.o
                0x00001b38                tune_values
                0x00001cb8                tune_by
                0x00001cc4                tune_tab_2_dll
                0x00001cd4                tune_tab_1_dll
                0x00001ce4                tune_tab_2_clk
                0x00001d04                tune_tab_1_clk
                0x00001d24                tuning_test_addr
                0x00001da4                tuning_test_data
                0x00001e24                SDRTUN2_CON
                0x00001e2c                sdr_tune_source
                0x00001e30                chip_vision

.ram            0x00001e3c     0x2660 load address 0x0000203c
                0x00001e3c                __sram_start = .
 *(.msk_var_use)
 *(.sdc_buf)
 .sdc_buf       0x00001e3c       0x40 ../bwlib\libsd.a(ax32xx_sd.o)
 *(.sram_comm)
 .sram_comm     0x00001e7c       0x60 ./Debug/xos_xmsgq.c.o
 .sram_comm     0x00001edc     0x25c0 ./Debug/src_hal_sys.c.o
                0x00001edc                ramuse
                0x0000449c                __sram_end = .

.fifo           0x00008000      0xce0
                0x00008000                __ufifo_start = .
 *(.sram_Usbfifo)
 .sram_Usbfifo  0x00008000      0xce0 ./Debug/src_hal_sys.c.o
                0x00008000                usbfifo
                0x00008ce0                __ufifo_end = .

.text           0x02000000    0x86a1c load address 0x00002200
                0x02000000                _text_start = .
 *(.text*)
 .text          0x02000000        0x0 ./Debug/ax32xx_reset.S.o
 .text          0x02000000        0x0 ./Debug/ax32xx_spi_boot_cfg.S.o
 .text          0x02000000        0x0 ./Debug/ax32xx_BLDRX32.S.o
 .text          0x02000000      0x508 ./Debug/main.c.o
                0x02000000                registerTask
                0x020000bc                init
                0x020004a0                systemService
                0x020004d4                sendDrawUIMsg
 .text.startup  0x02000508       0xb8 ./Debug/main.c.o
                0x02000508                main
 .text          0x020005c0     0x1c9c ./Debug/resource_manager.c.o
                0x020006fc                managerInit
                0x02000774                managerCreate
                0x0200084c                managerDestory
                0x020008c4                managerFileCount
                0x0200095c                managerFileCountEx
                0x020009c8                managerLockFileExt
                0x02000a70                managerUnlockFileExt
                0x02000b1c                managerCheckLock
                0x02000b58                managerCheckLockExt
                0x02000be8                managerFlush
                0x02000c54                managerDelFileByIndex
                0x02000d64                managerDelFileAll
                0x02000e48                managerScanStart
                0x02000eb0                managerScanEnd
                0x02000f8c                explorerListHook
                0x02000fa4                managerNameChange
                0x0200119c                managerSpaceCheck
                0x020012f4                manangerCheckFileType
                0x02001554                managerAddFile
                0x02001644                managerAddFileEx
                0x020016a4                managerRenameExt
                0x02001744                managerRename
                0x02001804                managerLockFile
                0x0200188c                managerUnlockFile
                0x0200194c                managerDelFileByName
                0x02001aa8                managerDelFileByFullName
                0x02001c28                managerFileNameCreater
                0x02001e3c                managerFileScan
                0x02002034                manangerGetFileFullPathName
                0x020020e8                manangerGetFileName
                0x02002180                manangerFindFileAndDel
 .text          0x0200225c      0x378 ./Debug/board.c.o
                0x0200225c                boardInit
                0x020023ec                boardOpen
                0x02002490                boardIoctrl
                0x02002518                boardNameIoctrl
 .text          0x020025d4      0xac4 ./Debug/board_bwv1.c.o
                0x02002b88                board_lcd_reset
                0x02002c00                board_sensor_reset
                0x02002ce8                board_lcd_ioctrl_pwm
                0x02002d2c                getCurBatteryADC
                0x02002d4c                getKeyADCvalue
                0x02002d6c                getKeyVal
                0x02002e58                getKey
                0x02002f28                keyScanKey
                0x0200305c                board_powerCheck
 .text          0x02003098      0x338 ./Debug/config.c.o
                0x02003098                configCheckSumCal
                0x020030ec                userConfigSave
                0x02003170                userConfigReset
                0x02003278                userConfigInitial
                0x02003354                configSet
                0x02003390                configGet
 .text          0x020033d0      0xcd0 ./Debug/display.c.o
                0x020033d0                dispLayerPIPOnlyFront
                0x02003440                dispLayerPIPOnlyBack
                0x020034bc                dispLayerPIPBakRightTop
                0x0200355c                dispLayerPIPFrtRightTop
                0x020035e0                dispLayerPIPFBHalf
                0x02003664                dispLayerPIPBFHalf
                0x020036e8                dispLayerUninit
                0x02003744                dispLayerGetResolution
                0x02003818                dispLayerSetResolution
                0x02003904                dispLayerSetRotate
                0x02003938                dispRatioResolutionCalculate
                0x02003a10                dispLayerSetRatio
                0x02003ac0                dispLayerInit
                0x02003cec                dispLayerShow
                0x02003d30                dispLayerGetFrame
                0x02003d78                dispLayerGetFreeFrame
                0x02003db8                dispLayerFreeFrame
                0x02003e30                dispLayerSetFrame
                0x02003e7c                dispLayerSetPIPMode
                0x02003ef0                dispLayer_ABwin
                0x02003f3c                dispLayer_getABwin
                0x02003f5c                dispLayerSetFrontCrop
 .text          0x020040a0        0x0 ./Debug/explorer.c.o
 .text          0x020040a0      0xc4c ./Debug/filelist.c.o
 .text          0x02004cec      0x954 ./Debug/font.c.o
                0x02004efc                fontInit
                0x02005018                fontSetLanguage
                0x020050dc                fontGetStringInfo
                0x0200518c                fontDrawString
                0x0200537c                resGetString
                0x02005494                resGetChar
 .text          0x02005640      0x324 ./Debug/icon.c.o
                0x02005640                iconInit
                0x020056b0                iconGetSize
                0x02005754                iconGetData
                0x020057f0                iconGetAddr
                0x02005864                iconGetPalette
                0x020058e4                iconGetGamePalette
 .text          0x02005964      0x1cc ./Debug/configGetValue.c.o
                0x02005964                configValue2Int
 .text          0x02005b30      0x19c ./Debug/configSystem.c.o
                0x02005b30                configLanguage
                0x02005ba8                configSys
                0x02005c90                configSystem
 .text          0x02005ccc      0x830 ./Debug/logo.c.o
                0x02005ccc                logo_image_show
                0x02005dd0                jpg_decode_show
                0x02005ec4                logo_music_show
                0x02006090                layout_logo_show
                0x020061a0                background_logo_image_show
                0x02006298                layout_version_get
                0x02006384                layout_keysound_load
                0x02006468                layout_sound_load
 .text          0x020064fc       0xb0 ./Debug/menuMovieRec.c.o
                0x020064fc                menuProcDateTime
                0x02006528                menuProcVersion
                0x02006554                menuProcFormat
                0x02006580                menuProcDefault
 .text          0x020065ac      0x384 ./Debug/msgDeal.c.o
                0x020065ac                msgFuncRegister
                0x02006664                unshieldedMsgFuncRegister
                0x020066e0                msgDeal
                0x0200683c                msgDealByType
                0x020068d4                msgDealByMsgInfor
 .text          0x02006930       0xa4 ./Debug/msgSysRecommend.c.o
 .text          0x020069d4      0x5cc ./Debug/msgSysUnshielded.c.o
 .text          0x02006fa0      0x4b0 ./Debug/taskManage.c.o
                0x02006fa0                taskInit
                0x02007014                taskInfor
                0x0200709c                taskRegister
                0x02007140                taskPrevious
                0x02007160                taskCurrent
                0x02007180                taskNext
                0x020071a0                taskStart
                0x02007284                taskChange
                0x02007298                taskService
 .text          0x02007450      0xdc8 ./Debug/taskPhotoEncode.c.o
                0x02007450                taskPhotoEncodeClose
                0x02007538                taskPhotoEncodeService
                0x020075f8                photoImagePreSizeGet
                0x02007894                task_image_createfile
                0x020079c8                image_take_photo
                0x02007cb0                image_take_photo_to_sdram
                0x0200800c                photo_animation_effect
                0x02008128                taskPhotoEncodeOpen
 .text          0x02008218     0x1804 ./Debug/taskPhotoEncodeMsg.c.o
                0x020099a4                photoFocusIconCancel
 .text          0x02009a1c      0xb64 ./Debug/taskPlayBack.c.o
                0x02009a1c                taskPlayBackClose
                0x02009a64                video_playback_jpg_scale
                0x02009c54                video_playback_start
                0x0200a248                taskPlayBackOpen
                0x0200a4c4                taskPlayBackService
 .text          0x0200a580     0x18d0 ./Debug/taskPlayBackMsg.c.o
                0x0200bd68                backBrushBlack
 .text          0x0200be50      0x2a4 ./Debug/taskPowerOff.c.o
                0x0200be50                uninit
                0x0200bf04                taskPowerOffOpen
 .text          0x0200c0f4      0xf24 ./Debug/taskSysScanDevice.c.o
                0x0200c0f4                timerMsgSend
                0x0200c1d0                setKeyEn
                0x0200c1f0                deamon_astern_check
                0x0200c204                reflush_usensor_check
                0x0200c218                setSoftwareDetachUsensor
                0x0200c238                deamon_usb_check
                0x0200c4e8                deamon_gsensor_check
                0x0200c4fc                deamon_screen_save
                0x0200c64c                deamon_key_check
                0x0200c77c                deamon_auto_poweroff
                0x0200c890                deamon_keysound_play
                0x0200c970                deamon_sound_play
                0x0200ca4c                deamon_fsFreeSize
                0x0200caf4                deamon_fs_scan
                0x0200ccb4                deamon_sdc_check
                0x0200cf04                taskSysScanDev
                0x0200cf84                deamon_fsSizeModify
 .text          0x0200d018      0x2f8 ./Debug/taskUsbDevice.c.o
 .text          0x0200d310      0xde8 ./Debug/taskVideoRecord.c.o
                0x0200d310                taskVideoRecordeService
                0x0200d414                task_video_Get_Status
                0x0200d434                video_record_start
                0x0200d4dc                task_record_stop
                0x0200d578                taskVideoRecordeClose
                0x0200d6a8                task_video_record_caltime
                0x0200d720                video_record_callback
                0x0200df00                taskVideoRecordeOpen
                0x0200e0d0                taskVideoRecTimeIncreace
                0x0200e0e4                videoCapturePhoto
 .text          0x0200e0f8     0x16f0 ./Debug/taskVideoRecordMsg.c.o
                0x0200f5b4                videoFocusIconCancel
                0x0200f62c                recordTimeCount1S
 .text          0x0200f7e8      0x158 ./Debug/toolFunc.c.o
                0x0200f7e8                intToString
                0x0200f8b4                calWeek
 .text          0x0200f940      0x810 ./Debug/uiMenuDateTimeMsg.c.o
                0x0200fde8                dateTimeStrUpdate
                0x0200fe10                dateTimeIncreace
                0x0200ffb0                dateTimeDecreace
 .text          0x02010150      0x32c ./Debug/uiMenuDefaultMsg.c.o
 .text          0x0201047c      0x3ec ./Debug/uiMenuDelAllMsg.c.o
 .text          0x02010868      0x480 ./Debug/uiMenuDelCurMsg.c.o
 .text          0x02010ce8      0x460 ./Debug/uiMenuFormatMsg.c.o
 .text          0x02011148      0x8a8 ./Debug/uiMenuItemMsg.c.o
                0x020119d0                menuIsOpen
 .text          0x020119f0      0xf48 ./Debug/uiPhotoSettingMsg.c.o
                0x02011f04                photoSettingIsOpen
                0x02011f24                configIdChange
                0x02012124                getItemPosition
                0x020122c8                pageChange
 .text          0x02012938      0x6e0 ./Debug/uiMenuOptionMsg.c.o
 .text          0x02013018      0x35c ./Debug/uiMenuUsbMsg.c.o
 .text          0x02013374      0x208 ./Debug/uiNoFileMsg.c.o
 .text          0x0201357c      0x38c ./Debug/uiTips1Msg.c.o
 .text          0x02013908      0x370 ./Debug/uiTipsMsg.c.o
 .text          0x02013c78      0x4c0 ./Debug/uiWin.c.o
                0x02013c78                dialogCB
                0x02013e70                uiParentDealMsg
                0x02013ea0                uiOpenWindow
                0x02013fd0                uiOpenWinAndShow
                0x02014108                windowIsOpen
 .text          0x02014138      0x174 ./Debug/uiMenuVersionMsg.c.o
 .text          0x020142ac       0xf8 ./Debug/taskAudioPlayer.c.o
                0x020142ac                taskAudioPlayerOpen
                0x02014328                taskAudioPlayerClose
                0x02014358                taskAudioPlayerService
 .text          0x020143a4     0x1cd8 ./Debug/taskAudioPlayerMsg.c.o
                0x02015e10                uni2oem936_init
                0x02015ea0                uni2oem936_uninit
                0x02015ee4                oem2uni936_init
                0x02015f74                oem2uni936_uninit
 .text          0x0201607c        0x0 ./Debug/taskAudioPlayerRes.c.o
 .text          0x0201607c        0x0 ./Debug/taskPhotoEncodeRes.c.o
 .text          0x0201607c        0x0 ./Debug/taskPlayBackRes.c.o
 .text          0x0201607c        0x0 ./Debug/taskVideoRecordRes.c.o
 .text          0x0201607c        0x0 ./Debug/uiMenuDateTimeRes.c.o
 .text          0x0201607c        0x0 ./Debug/uiMenuDefaultRes.c.o
 .text          0x0201607c        0x0 ./Debug/uiMenuDelAllRes.c.o
 .text          0x0201607c        0x0 ./Debug/uiMenuDelCurRes.c.o
 .text          0x0201607c        0x0 ./Debug/uiMenuFormatRes.c.o
 .text          0x0201607c        0x0 ./Debug/uiMenuItemRes.c.o
 .text          0x0201607c        0x0 ./Debug/uiMenuOptionRes.c.o
 .text          0x0201607c        0x0 ./Debug/uiMenuUsbRes.c.o
 .text          0x0201607c        0x0 ./Debug/uiMenuVersionRes.c.o
 .text          0x0201607c        0x0 ./Debug/uiNoFileRes.c.o
 .text          0x0201607c        0x0 ./Debug/uiTips1Res.c.o
 .text          0x0201607c        0x0 ./Debug/uiTipsRes.c.o
 .text          0x0201607c      0x108 ./Debug/taskMainMenu.c.o
                0x0201607c                taskMainMenuService
                0x02016090                taskMainMenuOpen
                0x02016158                taskMainMenuClose
 .text          0x02016184      0x884 ./Debug/taskMainMenuMsg.c.o
 .text          0x02016a08        0x0 ./Debug/taskMainMenuRes.c.o
 .text          0x02016a08       0xcc ./Debug/taskSettingMenu.c.o
                0x02016a08                taskSettingMenuService
                0x02016a1c                taskSettingMenuClose
                0x02016a44                taskSettingMenuOpen
 .text          0x02016ad4     0x18dc ./Debug/userInterface.c.o
                0x02016ad4                actionUpperToBottom
                0x02016c8c                actionBottomToUpper
                0x02016e64                actionSquareInsideToOutside
                0x02017014                actionSquareOutsideToInside
                0x020171cc                actionLeftBottomToRightUpper
                0x02017358                actionLeftToRight
                0x02017524                actionLeftUpperToRightBottom
                0x020176d8                actionCircleInside2OutSide
                0x02017aec                getActionFunc
                0x02017b94                animationInit
                0x02017c98                animationRun
                0x02017d70                animationUnInit
                0x02017dc0                circle_fill
                0x0201831c                type_function_circle
 .text          0x020183b0      0x620 ./Debug/upgrade.c.o
                0x020183b0                upgrade_led_control
                0x02018428                upgrade_uiProgress
                0x02018468                upgrade
 .text          0x020189d0     0x2488 ./Debug/game_block.c.o
                0x020189d0                game_cnt_down
                0x02018a00                game_cnt_reinit
                0x02018a20                game_cnt_over
                0x02018a50                game_cnt_clear
                0x02018a7c                effect_rand_get
                0x02018b04                power_up_rand_list_init
                0x02018ba4                block_cnt_init
                0x02018c08                rand_get
                0x02018c98                level_back_index_get
                0x02018cbc                block_map_init
                0x02018d1c                move_icon_universal_draw
                0x02018d8c                game_frame_buff_show_get
                0x02018dac                block_icon_draw
                0x02018e40                block_src_init_and_draw
                0x02018f00                block_map_draw
                0x02018fa8                game_boundary_init
                0x02018fec                game_block_level_init
                0x02019028                life_icon_draw
                0x02019134                right_score_draw
                0x02019268                ball_icon_draw
                0x02019300                board_icon_draw
                0x02019348                power_up_item_icon_draw
                0x02019408                DrawMap_block
                0x02019450                power_up_item_init
                0x02019548                power_up_item_destroy
                0x020195b4                ball_init
                0x02019698                ball_item_destroy
                0x02019704                copy_ball_action
                0x02019780                ball_and_board_init
                0x02019820                board_and_ball_flash_init
                0x02019858                move_rule
                0x0201994c                game_boundary_hit_check
                0x020199f8                universal_hit_action
                0x02019a2c                universal_hit_check
                0x02019d14                board_hit_check
                0x02019df4                block_hit_check
                0x02019f70                clear_block_effect
                0x0201a11c                board_move
                0x0201a1d4                ball_move
                0x0201a298                ball_fire_power_up
                0x0201a300                ball_multi_power_up
                0x0201a38c                power_up_item_move
                0x0201a480                power_up_move
                0x0201a500                move
                0x0201a5bc                pass_check
                0x0201a618                game_block_init
                0x0201a66c                block_free_buf
                0x0201a6c8                game_block_exit
                0x0201a71c                flash_reinit
                0x0201a7e8                flash_init
                0x0201a830                block_breaker_going_key_response
                0x0201a8e8                game_block_start
                0x0201a9ac                block_breaker_going
                0x0201aae4                block_breaker_level_pass
                0x0201ab48                block_breaker_game_over_show
                0x0201abbc                block_breaker_game_pause
                0x0201acf0                game_block_key_active
                0x0201ad64                game_block_entry
 .text          0x0201ae58      0xe08 ./Debug/game_snake.c.o
                0x0201ae58                snake_get_buf
                0x0201aec8                snake_put_buf
                0x0201af20                snake_init
                0x0201afcc                rand_next
                0x0201b080                createFood
                0x0201b164                creatMap
                0x0201b1b8                biteSelf
                0x0201b210                chet_endGamestatus
                0x0201b2a0                detore_snake
                0x0201b2f4                snakeOSDDisplayBufGet
                0x0201b340                snake_I80
                0x0201b438                snakeOSDDisplay
                0x0201b498                snake_frame_icon_draw
                0x0201b5a4                get_malloc
                0x0201b5cc                show_icon_rect
                0x0201b6d4                show_all
                0x0201b80c                snakeMove
                0x0201ba20                key_read
                0x0201bac0                snake_main_init
                0x0201bb68                game_snake_entry
 .text          0x0201bc60      0x728 ./Debug/game_sokoban.c.o
                0x0201bc60                Move
                0x0201bdbc                resultCheck
                0x0201be54                map_init
                0x0201be98                get_map_size
                0x0201beb0                man_init
                0x0201bf20                DataRead_CMode
                0x0201bf94                TXZ_show_icon_rect
                0x0201c0a8                TXZ_show_one_rect
                0x0201c0d4                DrawMap
                0x0201c14c                TXZ_show_all
                0x0201c184                get_game_map
                0x0201c24c                sokoban_init
                0x0201c2a8                game_sokoban_entry
 .text          0x0201c388      0xfe4 ./Debug/game_tetris.c.o
                0x0201c388                insertTetris
                0x0201c430                checkCollision_L
                0x0201c468                checkCollision_R
                0x0201c49c                checkCollision
                0x0201c53c                show_one_diamonds
                0x0201c5c4                printScore
                0x0201c794                printNextTetris
                0x0201c828                giveTetris
                0x0201c908                removeTetris
                0x0201c9c0                printCurrentTetris
                0x0201cae0                setPoolColor
                0x0201cb94                rotateTetris
                0x0201cc38                checkErasing
                0x0201cdc8                printTetrisPool
                0x0201ce98                moveDownTetris
                0x0201cf48                horzMoveTetris
                0x0201cfec                keydownControl
                0x0201d0b4                endgame
                0x0201d0d0                restartGame
                0x0201d170                game_tetris_init
                0x0201d204                game_tetris_exit
                0x0201d248                game_tetris_entry
 .text          0x0201d36c     0x1a74 ./Debug/taskGame.c.o
                0x0201d36c                taskGameClose
                0x0201d4cc                gameInit
                0x0201d570                gameGetKeyADCValue
                0x0201d61c                game_key_judge
                0x0201d6a4                fps_count_reset
                0x0201d6d0                rand_int
                0x0201d73c                get_game_base_buf
                0x0201d764                get_game_show_buf
                0x0201d850                get_bin_data
                0x0201d8d4                frame_icon_draw
                0x0201da68                game_OSD_str_draw
                0x0201e0f4                game_tips
                0x0201e430                game_over
                0x0201e52c                gameExit
                0x0201e5a0                taskGameService
                0x0201e608                game_bk_draw
                0x0201e6b4                frame_buff_display
                0x0201e72c                free_buf
                0x0201e754                game_audio_init
                0x0201e900                taskGameOpen
                0x0201e948                game_audio_play
                0x0201eaf0                game_key_event
                0x0201ebf0                gameTickGenerator
                0x0201ecb8                game_result_tips
 .text          0x0201ede0       0xc8 ./Debug/taskGameMenu.c.o
                0x0201ede0                taskGameMenuService
                0x0201edf4                taskGameMenuOpen
                0x0201ee7c                taskGameMenuClose
 .text          0x0201eea8      0xdf4 ./Debug/taskGameMenuMsg.c.o
 .text          0x0201fc9c        0x0 ./Debug/taskGameMenuRes.c.o
 .text          0x0201fc9c     0x11f4 ./Debug/game_plane.c.o
                0x0201fc9c                is_in_range
                0x0201fcec                collision_chect
                0x0201ff48                move_enemy_bullet_c
                0x0201ffe8                AI_mage
                0x0202003c                move_my_planle
                0x02020190                new_my_bullet
                0x02020240                new_p_boom
                0x02020304                move_my_bullet_c
                0x020203f4                move_bullet
                0x02020418                move_one_enemy_planle
                0x020205e0                move_enemy_planle
                0x02020628                new_enemy_Plane
                0x02020704                pGame_show_icon_rect
                0x020208b8                show_plane_boom
                0x0202091c                show_enemy_Plane
                0x02020974                show_my_bullet
                0x020209cc                show_score
                0x02020c60                game_plane_entry
 .text          0x02020e90      0x5a8 ./Debug/game_maze.c.o
                0x02020e90                Move_maze
                0x02021050                resultCheck_maze
                0x020210a8                maze_map_set
                0x020210e8                get_map_maze_size
                0x02021100                man_maze_init
                0x02021130                maze_show_one_rect
                0x020211f4                maze_DrawMap
                0x0202126c                maze_show_all
                0x020212a4                maze_map_init
                0x020212ec                maze_keypress
                0x02021340                maze_init
                0x02021388                game_maze_entry
 .text          0x02021438        0x0 ./Debug/menuPhotoSettingRec.c.o
 .text          0x02021438        0x0 ./Debug/xos_x_cpu.c.o
 .text          0x02021438      0x1b0 ./Debug/xos_xmbox.c.o
                0x02021438                XMboxInit
                0x02021478                XMboxCreate
                0x02021500                XMboxDestory
                0x02021538                XMboxPost
                0x0202158c                XMboxPend
 .text          0x020215e8      0x2e4 ./Debug/xos_xmsgq.c.o
                0x020215e8                XMsgQInit
                0x02021628                XMsgQCreate
                0x020216b8                XMsgQDestory
                0x020216f0                XMsgQFlush
                0x02021730                XMsgQPost
                0x020217a8                XMsgQPostFront
                0x02021824                XMsgQPend
                0x020218b4                XMsgQCheck
 .text          0x020218cc      0x12c ./Debug/xos_xos.c.o
                0x020218cc                XOSInit
                0x0202190c                XOSTickService
                0x0202197c                XOSTimeGet
                0x0202199c                XOSTimeDly
                0x020219d8                XOSRandom
 .text          0x020219f8      0x168 ./Debug/xos_xwork.c.o
                0x020219f8                XWorkInit
                0x02021a38                XWorkCreate
                0x02021ac4                XWorkDestory
                0x02021af4                XWorkService
 .text          0x02021b60      0xb64 ./Debug/multimedia_user_media.c.o
                0x02021b60                jpg_decode_buf
                0x02021c10                jpg_buf_decode_buf
                0x02021cc0                yuv_rgb_table_init
                0x02021eec                yuv_rgb_table_uninit
                0x02021f30                bmp24_to_yuv420_buf
                0x020222ec                yuv420_draw_buf
                0x020224dc                yuv420_software_set_handle_frame
                0x020224fc                yuv420_software_get_handle_frame
                0x0202251c                yuv420_effect_handle
 .text          0x020226c4      0x1fc ./Debug/sUI_button.c.o
                0x020227a8                buttonCreate
                0x0202281c                buttonCreateIndirect
 .text          0x020228c0      0x188 ./Debug/sUI_dialog.c.o
                0x020228c0                dialogCreate
                0x02022990                dialogItem
 .text          0x02022a48      0x22c ./Debug/sUI_frameWin.c.o
                0x02022ba0                frameWinCreate
                0x02022c04                frameWinCreateIndirect
 .text          0x02022c74      0x2b0 ./Debug/sUI_imageIcon.c.o
                0x02022dfc                imageIconCreate
                0x02022ea8                imageIconCreateIndirect
 .text          0x02022f24     0x191c ./Debug/sUI_itemManage.c.o
                0x02022f24                itemManageCreate
                0x02022fa8                itemManageCreateIndirect
                0x0202301c                itemManageSetItemHeight
                0x020231a0                itemManageSetItemRowSumGap
                0x020232a8                itemManageSetHeightAvgGap
                0x0202341c                itemManageSetRowSum
                0x02023550                itemManageSetColumnSum
                0x020236a0                itemManageSetColumnSumWithGap
                0x0202381c                itemManageSetColumnMargin
                0x0202394c                itemManageCreateItem
                0x02023ae8                itemManageSetResInforFuncEx
                0x02023b40                itemManageSetCurItem
                0x02023e3c                itemManageUpdateRes
                0x02023ef4                itemManageUpdateAllitem
                0x02023f58                itemManageUpdateCurItem
                0x020240fc                itemManageNextItem
                0x0202416c                itemManagePreItem
                0x020241dc                itemManageNextPage
                0x02024260                itemManagePrePage
                0x020242e8                itemManageGetCurrentItem
                0x0202434c                itemManageSetCharInfor
                0x02024404                itemManageSetSelectColor
                0x020244a0                itemManageSetSelectImage
                0x02024540                itemManageSetUnselectColor
                0x020245dc                itemManageSetUnselectImage
                0x0202467c                itemManageGetTouchInfor
 .text          0x02024840      0x3a0 ./Debug/sUI_menuItem.c.o
                0x02024a70                menuItemCreate
                0x02024b18                itemCreateMenuItem
 .text          0x02024be0      0x4fc ./Debug/sUI_menuItemEx.c.o
                0x02024f08                menuItemExCreate
                0x02024fb8                itemCreateMenuItemEx
 .text          0x020250dc      0x360 ./Debug/sUI_menuOption.c.o
                0x020252d0                menuOptionCreate
                0x02025374                itemCreatemenuOption
 .text          0x0202543c      0x344 ./Debug/sUI_progressBar.c.o
                0x02025664                progressBarCreate
                0x020256e8                progressBarCreateIndirect
                0x02025760                progressBarSetDirction
 .text          0x02025780      0x264 ./Debug/sUI_rect.c.o
                0x020258ec                rectCreate
                0x02025970                rectCreateIndirect
 .text          0x020259e4      0x380 ./Debug/sUI_stringIcon.c.o
                0x02025bf4                stringIconCreate
                0x02025cb0                stringIconCreateIndirect
 .text          0x02025d64      0x2b0 ./Debug/sUI_tips.c.o
                0x02025f00                tipsCreate
                0x02025f8c                tipsCreateIndirect
 .text          0x02026014      0x30c ./Debug/sUI_uiAlloc.c.o
                0x02026014                uiHeapInit
                0x0202604c                uiAlloc
                0x02026154                uiFree
                0x02026254                uiHeapInfor
                0x0202630c                heapAllocTest
 .text          0x02026320      0x11c ./Debug/sUI_widget.c.o
                0x02026320                widgetProc
                0x0202636c                widgetSetType
                0x0202639c                widgetGetType
                0x020263d0                widgetGetId
                0x02026408                widgetSetId
 .text          0x0202643c     0x1c38 ./Debug/sUI_winManage.c.o
                0x0202643c                winErrShow
                0x02026488                winSendMsg
                0x020264c8                winSendMsgNoData
                0x020264f0                winSendMsgToParent
                0x02026520                winSendMsgToParentNoData
                0x02026548                winOverlapping
                0x020265ac                winContain
                0x02026610                winHasInvalidRect
                0x020266a4                winFreeInvalidRect
                0x020269a0                winCreate
                0x02026de8                winDestroy
                0x02026fa4                winGetTouchInfor
                0x02026fd4                winTouch
                0x020271f4                winSetbgColor
                0x02027228                winSetfgColor
                0x0202725c                winSetVisible
                0x020272e0                winIsVisible
                0x0202731c                winSetResid
                0x0202734c                winSetItemSelResid
                0x0202737c                winSetStrInfor
                0x020273cc                resInforInit
                0x02027418                winSetSelectInfor
                0x02027448                winSetUnselectInfor
                0x02027478                winChangeNotify
                0x020274e0                winDefaultProc
                0x020278f0                winResize
                0x02027a80                winGetRelativePos
                0x02027b10                winGetPos
                0x02027b54                winUpdate
                0x02027bc4                winSetPorgressRate
                0x02027bf4                winSetPorgressDirction
                0x02027c24                winGetCurrent
                0x02027c44                winPaint
                0x02027d50                winSetName
                0x02027d70                winIntersection
                0x02027e24                winUpdateAllResId
                0x02027e88                winDestroyDeskTopChildWin
                0x02027efc                winInit
                0x02027fe8                winUninit
 .text          0x02028074      0x174 ./Debug/sUI_memPool.c.o
                0x02028074                mempCreate
                0x020280dc                mempGet
                0x02028134                mempPut
                0x02028170                mempInfor
 .text          0x020281e8      0x43c ./Debug/sUI_widgetManage.c.o
                0x0202843c                widgetManageCreate
                0x020284c0                widgetManageCreateIndirect
                0x02028530                widgetManageUpdateAll
                0x02028554                widgetManageUpdateCur
                0x02028578                widgetManageNext
                0x0202859c                widgetManagePre
                0x020285c0                widgetManageSelect
                0x020285f4                widgetManageCurId
 .text          0x02028624      0x3bc ./Debug/src_ax32xx_int.c.o
                0x02028624                ax32xx_intHandler
                0x02028638                fast_isr
                0x02028718                slow_isr
                0x0202880c                ax32xx_intEnable
                0x02028854                ax32xx_int_priority
                0x0202889c                ax32xx_intInit
 .text          0x020289e0      0xa44 ./Debug/src_ax32xx_sys.c.o
                0x020289e0                ax32xx_sysCpuMsDelay
                0x02028a1c                ax32xx_sysCpuNopDelay
                0x02028a44                ax32xx_sysDcacheInit
                0x02028a88                ax32xx_sysIcacheInit
                0x02028acc                ax32xx_sysDcacheWback
                0x02028b48                ax32xx_sysDcacheFlush
                0x02028bc4                ax32xx_sysDcacheInvalid
                0x02028c40                ax32xx_sysSRAMClear
                0x02028c94                ax32xx_sysBSSClear
                0x02028cf8                ax32xx_sysLDOSet
                0x02028edc                ax32xx_sysClkSet
                0x02028f38                ax32xx_sysReset
                0x02028f78                ax32xx_sys_dma_memdown
                0x02028fdc                ax32xx_sys_dma_memkick
                0x020290a0                ax32xx_mcpy_gram2ufifo
                0x02029100                ax32xx_mcpy1_sdram2gram
                0x020291a4                ax32xx_mcpy1_sdram2gram_2
                0x02029204                ax32xx_sysInit
                0x02029364                ax32xx_sysUninit
 .text          0x02029424      0x298 ./Debug/src_ax32xx_dma.c.o
                0x02029424                ax32xx_dmaNocCfg
                0x0202964c                ax32xx_dmaNocDefault
                0x02029674                ax32xx_dmaChannelEnable
 .text          0x020296bc       0x98 ./Debug/src_ax32xx_wdt.c.o
                0x020296bc                ax32xx_wdtEnable
                0x020296f0                ax32xx_wdtTimeSet
                0x02029704                ax32xx_wdtClear
                0x02029738                ax32xx_wdtReset
 .text          0x02029754      0xe08 ./Debug/src_ax32xx_gpio.c.o
                0x02029754                ax32xx_gpioSFRSet
                0x02029998                ax32xx_gpioDirSet
                0x02029a3c                ax32xx_gpioPullSet
                0x02029b08                ax32xx_gpioDrvSet
                0x02029b98                ax32xx_gpioDataSet
                0x02029c24                ax32xx_gpioDataGrounpSet
                0x02029ca0                ax32xx_gpioDataGet
                0x02029d24                ax32xx_gpioMapSet
                0x02029db4                ax32xx_gpioDigitalSet
                0x02029e44                ax32xx_gpioHystersisSet
                0x02029ed4                ax32xx_gpioLedPull
                0x02029fa0                ax32xx_gpioLedInit
                0x0202a030                ax32xx_gpioINTCheck
                0x0202a068                ax32xx_gpioINTClear
                0x0202a090                ax32xx_gpioINTInit
                0x0202a1c0                ax32xx_gpioIRQHandler
                0x0202a25c                ax32xx_io1d1_softstart
                0x0202a41c                ax32xx_io1d1_softstart_clr
                0x0202a4cc                ax32xx_io1d1_pd_enable
 .text          0x0202a55c      0x1a4 ./Debug/src_ax32xx_uart.c.o
                0x0202a55c                ax32xx_uart0IRQHandler
                0x0202a5ac                ax32xx_uart0IOCfg
                0x0202a64c                ax32xx_uart0Init
                0x0202a6c0                ax32xx_uart0SendByte
 .text          0x0202a700      0x9ec ./Debug/src_ax32xx_timer.c.o
                0x0202a700                ax32xx_timer0IRQHandler
                0x0202a744                ax32xx_timer1IRQHandler
                0x0202a788                ax32xx_timer2IRQHandler
                0x0202a7cc                ax32xx_timer3IRQHandler
                0x0202a810                ax32xx_timerISRRegister
                0x0202a854                ax32xx_timerStart
                0x0202a950                ax32xx_timerStop
                0x0202aa20                ax32xx_timerEnable
                0x0202aaac                ax32xx_timerDisable
                0x0202ab50                ax32xx_timerTickStart
                0x0202ab84                ax32xx_timerTickStop
                0x0202aba4                ax32xx_timerTickCount
                0x0202abc0                ax32xx_timerPWMStart
                0x0202b038                ax32xx_timerPWMStop
 .text          0x0202b0ec      0x468 ./Debug/src_ax32xx_tminf.c.o
                0x0202b0ec                ax32xx_mjpegATimeinfoEnable
                0x0202b158                ax32xx_mjpegBTimeinfoEnable
                0x0202b1c4                ax32xx_mjpegATimeinfoColor
                0x0202b210                ax32xx_mjpegBTimeinfoColor
                0x0202b26c                ax32xx_mjpegATimeinfoSize
                0x0202b2c8                ax32xx_mjpegBTimeinfoSize
                0x0202b350                ax32xx_mjpegATimeinfoPos
                0x0202b3ac                ax32xx_mjpegBTimeinfoPos
                0x0202b434                ax32xx_mjpegATimeinfoAddr
                0x0202b478                ax32xx_mjpegBTimeinfoAddr
                0x0202b4e8                ax32xx_recfg_mjpb_tminf
 .text          0x0202b554      0x7f4 ./Debug/src_ax32xx_spi.c.o
                0x0202b554                ax32xx_spi0Init
                0x0202b774                ax32xx_spi0SendByte
                0x0202b7c8                ax32xx_spi0RecvByte
                0x0202b81c                ax32xx_spi0Send0
                0x0202b8d4                ax32xx_spi0Recv0
                0x0202b98c                ax32xx_spi0CS0Config
                0x0202b9d0                spi1_pin_config
                0x0202baa0                hal_spi1Init
                0x0202bb18                spi1_send_byte
                0x0202bb88                spi1_receive_byte
                0x0202bbd0                spi1_recevie_dma
                0x0202bc68                spi1_send_dma
                0x0202bd04                spi1_enable
 .text          0x0202bd48      0xb74 ./Debug/src_ax32xx_rtc.c.o
                0x0202bd48                ax32xx_rtcWriteByte
                0x0202bd98                ax32xx_rtcReadByte
                0x0202bdfc                ax32xx_rtcRamRead
                0x0202be98                ax32xx_rtcRamWrite
                0x0202bf34                ax32xx_rtcDataRead
                0x0202bfbc                ax32xx_rtcDataWrite
                0x0202c044                ax32xx_rtcInit
                0x0202c0f4                ax32xx_rtcIRQHandler
                0x0202c1ac                ax32xx_rtcSencodEnable
                0x0202c228                ax32xx_rtcAlamEnable
                0x0202c310                ax32xx_rtcAlamSet
                0x0202c358                ax32xx_rtcGet
                0x0202c3ac                ax32xx_rtcSet
                0x0202c3f4                ax32xx_WKOEnable
                0x0202c450                ax32xx_VDDGSENEnable
                0x0202c4c0                ax32xx_WKI0InputEnable
                0x0202c530                ax32xx_WKI1InputEnable
                0x0202c5a0                ax32xx_WKI1Read
                0x0202c5c4                ax32xx_WKI0Read
                0x0202c5e8                ax32xx_WKI1WakeupEnable
                0x0202c750                ax32xx_WKI1WakeupTriger
                0x0202c7a0                ax32xx_WKI1CleanPending
                0x0202c7dc                ax32xx_rtcBatDecEnable
                0x0202c84c                ax32xx_rtcSenHVEnable
 .text          0x0202c8bc      0x7e8 ./Debug/src_ax32xx_iic.c.o
                0x0202c974                software_iic_sdaout
                0x0202c9a8                software_iic_sdain
                0x0202c9dc                software_iic_sda_set
                0x0202ca08                software_iic_scl_set
                0x0202ca34                software_iic_sda_get
                0x0202ca5c                software_iic_init
                0x0202ca8c                software_iic_start
                0x0202cb04                software_iic_stop
                0x0202cb7c                software_iic_wait_ack
                0x0202cc34                ax32xx_iic0Init
                0x0202ccf4                ax32xx_iic0Uninit
                0x0202cd38                ax32xx_iic0Start
                0x0202cd54                ax32xx_iic0Stop
                0x0202cd94                ax32xx_iic0RecvACK
                0x0202cdbc                ax32xx_iic0SendACK
                0x0202cde0                ax32xx_iic0SendByte
                0x0202ce30                ax32xx_iic0RecvByte
                0x0202ce84                ax32xx_iic1Init
                0x0202ceac                ax32xx_iic1Uninit
                0x0202cef0                ax32xx_iic1Start
                0x0202cf0c                ax32xx_iic1Stop
                0x0202cf6c                ax32xx_iic1RecvACK
                0x0202cf94                ax32xx_iic1SendACK
                0x0202cfb8                ax32xx_iic1SendByte
                0x0202d028                ax32xx_iic1RecvByte
 .text          0x0202d0a4      0x66c ./Debug/src_ax32xx_dac.c.o
                0x0202d0e4                ax32xx_dacIRQHandler
                0x0202d1b8                ax32xx_dacSampleRateSet
                0x0202d228                ax32xx_dacEnable
                0x0202d2ac                ax32xx_dacVolumeSet
                0x0202d324                ax32xx_dacBufferSet
                0x0202d344                ax32xx_dacBufferFlush
                0x0202d364                ax32xx_dacReset
                0x0202d388                ax32xx_dacStart
                0x0202d404                ax32xx_dacStop
                0x0202d434                ax32xx_dacISRRegister
                0x0202d454                ax32xx_dacHPSet
                0x0202d4e8                eq_coeff_init
                0x0202d558                eq_gain_init
                0x0202d5c8                ax32xx_dacInit
 .text          0x0202d710      0x114 ./Debug/src_ax32xx_adc.c.o
                0x0202d710                ax32xx_adcEnable
                0x0202d778                ax32xx_adcSetBaudrate
                0x0202d7a8                ax32xx_adcConverStart
                0x0202d7cc                ax32xx_adcRead
 .text          0x0202d824      0x4d0 ./Debug/src_ax32xx_auadc.c.o
                0x0202d824                ax32xx_auadcIRQHandler
                0x0202d8b4                ax32xx_auadcHalfIRQRegister
                0x0202d8d4                ax32xx_auadcEndIRQRegister
                0x0202d8f4                ax32xx_auadcEnable
                0x0202d9ec                ax32xx_auadcAGCEnable
                0x0202da7c                ax32xx_auadcGainSet
                0x0202daf8                ax32xx_auadcBufferSet
                0x0202db58                ax32xx_auadcInit
                0x0202dbfc                ax32xx_auadcSetSampleSet
                0x0202dce0                agc_gain_mnt
 .text          0x0202dcf4      0x298 ./Debug/src_jpeg_table.c.o
                0x0202dcf4                jpegA_table_init
                0x0202de70                ax32xx_mjpB_tab_init
 .text          0x0202df8c      0xd68 ./Debug/src_ax32xx_usb.c.o
                0x0202df8c                _usb_bulk_tx
                0x0202e0c8                _usb_bulk_rx
                0x0202e1d4                _usb_iso_kick
                0x0202e2c4                _iso_wait_txdown
                0x0202e334                usb_iso_tx
                0x0202e434                usb_burst_reset
                0x0202e480                usb_host_reset
                0x0202e4cc                usb_phyreset_as_typeb
                0x0202e614                usb_phyreset_as_typea
                0x0202e760                usb_insert
                0x0202e774                usb_check_hal
                0x0202e788                get_u32softcnt
                0x0202e7a8                ax32xx_usbIRQHanlder
                0x0202e89c                ax32xx_usbCallbackRegister
                0x0202e8d8                ax32xx_usb_hostIRQHanlder
                0x0202e8ec                usb_device_check
                0x0202e9b4                ax32xx_usbPhyPllEnable
                0x0202ea5c                usb11_registers_write
                0x0202ea88                usb11_registers_read
                0x0202eac0                usb_memcpy
                0x0202eb34                usb_phyreset_as_typea11
                0x0202eb48                usb11_host_reset
                0x0202eb5c                ax32xx_usb11_hostIRQHanlder
                0x0202eb70                usb20_host_check
                0x0202ec38                usb11HostCheckNoWait
                0x0202ec4c                usb11_host_check
                0x0202ec60                usb20_phyreset_as_filter
 .text          0x0202ecf4      0x210 ./Debug/src_ax32xx_misc.c.o
                0x0202ecf4                str_seek
                0x0202ed60                dec_num2str
                0x0202eda0                char_2_hex
                0x0202edf4                data_check
                0x0202ee34                pointer_check
                0x0202ee58                half_word_memcpy
                0x0202ee90                word_memcpy
                0x0202eec8                word_reg_memcpy
 .text          0x0202ef04      0x14c ./Debug/src_ax32xx_pip.c.o
                0x0202ef04                ax32xx_pipConfig
                0x0202ef80                ax32xx_pipEnable
                0x0202efc4                ax32xx_pipCounterReset
                0x0202f004                ax32xx_pipGetTopLayer
                0x0202f028                ax32xx_pipGetBotLayer
 .text          0x0202f050        0x0 ./Debug/src_ax32xx_btuart.c.o
 .text          0x0202f050        0x0 ./Debug/src_ax32xx_crc.c.o
 .text          0x0202f050      0x26c ./Debug/src_ax32xx_emi.c.o
                0x0202f050                ax32xx_emiInit
                0x0202f18c                ax32xx_emiISRRegister
                0x0202f1c0                ax32xx_emiIRQHandler
                0x0202f21c                ax32xx_emiKick
                0x0202f278                ax32xx_emiCheckBusy
                0x0202f298                ax32xx_emiCheckRXError
 .text          0x0202f2bc      0x278 ./Debug/src_ax32xx_rotate.c.o
                0x0202f2bc                ax32xx_rotateISRRegiser
                0x0202f2dc                ax32xx_rotateCheckBusy
                0x0202f2fc                ax32xx_rotateReset
                0x0202f348                ax32xx_rotateStart
                0x0202f460                ax32xx_rotateWaitFrameDone
                0x0202f4b4                ax32xx_rotateIRQHandler
                0x0202f504                ax32xx_rotateGetSrcYAddr
 .text          0x0202f534      0x370 ./Debug/src_ax32xx_osdcmp.c.o
                0x0202f534                ax32xx_osdcmpISRRegiser
                0x0202f554                ax32xx_osdcmpCheckBusy
                0x0202f578                ax32xx_osdcmpReset
                0x0202f5c4                ax32xx_osdcmpGetCompSize
                0x0202f5e4                ax32xx_osdcmpKick
                0x0202f6b8                ax32xx_osdcmpWaitFrameDone
                0x0202f750                ax32xx_osdcmpCompOneFrame
                0x0202f858                ax32xx_osdcmpIRQHandler
 .text          0x0202f8a4       0x3c ./Debug/src_ax32xx_isp.c.o
                0x0202f8a4                ax32xx_ispModeSet
 .text          0x0202f8e0      0xd68 ./Debug/osd_ax32xx_osd.c.o
                0x0202f8e0                ax32xx_deWait
                0x0202f93c                ax32xx_deUpdate
                0x0202f960                ax32xx_deGetUpdateStatus
                0x0202f984                ax32xx_deIRQHandler
                0x0202f9e4                ax32xx_deISRRegister
                0x0202fa04                ax32xx_deInit
                0x0202fa80                ax32xx_deSetBackground
                0x0202fab4                ax32xx_deSetCSC
                0x0202fb00                ax32xx_videoSetDither
                0x0202fba0                ax32xx_videoSetScale
                0x0202fbec                ax32xx_videoSetScaleLine
                0x0202fc5c                ax32xx_videoSetScanMode
                0x0202fca8                ax32xx_videoGetYAddr
                0x0202fcd8                ax32xx_videoGetUVAddr
                0x0202fd08                ax32xx_videoSetAddr
                0x0202fd24                ax32xx_videoSetStride
                0x0202fd48                ax32xx_videoSetSize
                0x0202fd80                ax32xx_videoSetPosition
                0x0202fda8                ax32xx_videoCopyCfg
                0x0202fe10                ax32xx_videoEnable
                0x0202fe54                ax32xx_degamma_cfg
                0x0202fe74                ax32xx_videoGammaRed
                0x0202feb8                ax32xx_videoGammaGreen
                0x0202fefc                ax32xx_videoGammaBlue
                0x0202ff40                ax32xx_deSetGAMA
                0x0202ffc4                ax32xx_deSet_DE_CCM
                0x020300ac                ax32xx_deSet_DE_SAJ
                0x02030118                ax32xx_videoGammaEnable
                0x0203015c                ax32xx_osdEnable
                0x020301c8                ax32xx_osdSetSize
                0x0203021c                ax32xx_osdSetPosition
                0x02030270                ax32xx_osdSetPalette
                0x020302b8                ax32xx_osdSetAddr
                0x02030374                ax32xx_osdGetAddr
                0x020303c4                ax32xx_osdSetAlpha
                0x02030430                ax32xx_osdSetUpscaler
                0x020305f8                ax32xx_osdEncodeOneCode
 .text          0x02030648      0xfc8 ./Debug/csi_ax32xx_csi.c.o
                0x02030648                hal_csi_fcnt_get
                0x02030678                ax32xx_csiIRQHandler
                0x02030908                ax32xx_csiISRRegiser
                0x02030944                ax32xx_csiMJPEGFrameSet
                0x020309b4                ax32xx_csihv_tomjp_dma_cfg
                0x02030a40                ax32xx_csi_only_FrameSet
                0x02030a60                ax32xx_csiYUVFrameSet
                0x02030a74                ax32xx_csiIOConfig
                0x02030acc                ax32xx_csiInit
                0x02030af8                ax32xx_csiMclkSet
                0x02030bbc                ax32xx_csi_set_mclk_free
                0x02030c04                ax32xx_csiSyncSet
                0x02030c68                ax32xx_csiPrioritySet
                0x02030cac                ax32xx_csiTypeSet
                0x02030d18                ax32xx_csiModeSet
                0x02030d54                ax32xx_pclk_fir_Set
                0x02030dbc                ax32xx_pclk_analog_Set
                0x02030e0c                ax32xx_pclk_inv_Set
                0x02030e50                ax32xx_csi_clk_tun_Set
                0x02030e98                ax32xx_csiSizeSet
                0x02030ed0                ax32xx_csiInputAddrSet
                0x02030ee8                ax32xx_csiTestModeSet
                0x02030f50                ax32xx_csiDvpClkDivSet
                0x02030f98                ax32xx_csiLCDFrameSet
                0x02030fc4                ax32xx_csiLCDDmaEnable
                0x02031060                ax32xx_csiLCDDmaKick
                0x020310a4                ax32xx_csiLCDScaler
                0x02031280                ax32xx_csiScaler
                0x020313c8                ax32xx_hvScaler
                0x0203151c                ax32xx_csiScalerCheck
                0x02031544                ax32xx_csiOutputSet
                0x02031580                ax32xx_csiEnable
 .text          0x02031610      0xd70 ./Debug/lcd_ax32xx_lcd.c.o
                0x02031610                ax32xx_lcdSPIMode
                0x0203163c                ax32xx_lcdSPIInit
                0x020316ec                ax32xx_lcdSPIUninit
                0x02031728                ax32xx_lcdSPISendData
                0x0203189c                ax32xx_lcdMcuSendCmd
                0x02031900                ax32xx_lcdMcuSendData
                0x02031954                ax32xx_lcdMcuSendCmd16
                0x020319d8                ax32xx_lcdMcuSendData16
                0x02031a5c                ax32xx_lcdInit
                0x02031aa8                ax32xx_lcdIRQEnable
                0x02031af0                ax32xx_lcdPreLineSet
                0x02031b0c                ax32xx_lcdSignalSet
                0x02031ba4                ax32xx_lcdBusWidth
                0x02031bf8                ax32xx_lcdBusEnable
                0x02031c48                ax32xx_lcdClkSet
                0x02031c68                ax32xx_lcdSyncSet
                0x02031c8c                ax32xx_lcdDESignalSet
                0x02031cb0                ax32xx_lcdPositionSet
                0x02031ccc                ax32xx_lcdResolutionSet
                0x02031ce8                ax32xx_lcdWindowSizeSet
                0x02031d04                ax32xx_lcdDataModeSet
                0x02031d48                ax32xx_lcdClkNumberSet
                0x02031d60                ax32xx_lcdEndLineSet
                0x02031d7c                ax32xx_lcdPanelMode
                0x02031dc4                ax32xx_lcdEnable
                0x02031e28                ax32xx_lcdTeMode
                0x02031e70                ax32xx_lcdKick
                0x02031ea8                ax32xx_lcdIRQHandler
                0x02032018                ax32xx_lcdISRRegister
                0x0203205c                ax32xx_lcdReset
                0x020320c8                ax32xx_lcdMCUIOConfig
                0x020321ac                ax32xx_lcdRGBIOConfig
                0x02032290                ax32xx_lcd_lsawbtooth
 .text          0x02032380     0x1f10 ./Debug/mjpeg_ax32xx_mjpeg.c.o
                0x02032380                ax32xx_mpegPrint
                0x020327fc                ax32xx_mjpB_reset
                0x02032868                ax32xx_mjpegAIRQHandler
                0x020328bc                ax32xx_mjpeg_encode_check
                0x02032a28                ax32xx_mjpB_employ
                0x02032a54                ax32xx_mjpB_dcdown_reg
                0x02032a74                ax32xx_mjB_as_dcode
                0x02032aa0                ax32xx_mjpegEA_ncodeISRRegister
                0x02032ac0                ax32xx_mjpegEB_ncodeISRRegister
                0x02032ae0                ax32xx_mjpegEA_ncodeISR
                0x02032b0c                ax32xx_mjpegDecodeISRRegister
                0x02032b2c                ax32xx_mjpegEncodeBufferSet
                0x02032b78                ax32xx_mjpegEncodeEnable
                0x02032c68                ax32xx_mjpegEncode_wifi_Enable
                0x02032d58                ax32xx_mjpegEncodeSizeSet
                0x02032e00                ax32xx_mjpegEncodeQuilitySet
                0x02032e48                cal_jA_1s_size
                0x02032e78                ax32xx_mjpegEncodeQadj
                0x02032f5c                ax32xx_mjpegEncodeInfoSet
                0x02032fa4                ax32xx_mjpegEncodeLoadAddrGet
                0x02032fc0                ax32xx_mjpeg_inlinebuf_init
                0x02032fdc                ax32xx_mjpegEncodeInit
                0x02033214                ax32xx_mjpeg_manual_on
                0x0203325c                ax32xx_mjpeg_manual_stop
                0x02033280                ax32xx_mjpegDecodeScalerCal
                0x02033350                ax32xx_mjpegDecodeSetSize
                0x02033574                ax32xx_mjpegDecodeOutputSet
                0x02033590                ax32xx_mjpegDecodeInputSet
                0x020335c8                ax32xx_mjpegDecodeDriSet
                0x020335e0                ax32xx_mjpegDecodeCompressSet
                0x020335f8                ax32xx_mjpegDecodeInitTable
                0x0203363c                ax32xx_mjpegDecodeInit
                0x02033840                ax32xx_mjpegDecodeDCTimeSet
                0x020338e0                ax32xx_mjpegDecodeEnable
                0x0203395c                ax32xx_mjpegDecodeKick
                0x020339b4                ax32xx_mjpegDecodeStop
                0x020339f0                ax32xx_mjpegBIRQHandler
                0x02033aec                ax32xx_mjpegDecodeQDTCfg
                0x02033b4c                ax32xx_mjpegDecodeStatus
                0x02033b80                ax32xx_mjpegDecodeCheck
                0x02033bb0                ax32xx_mjpegDecodeODma1Cfg
                0x02033c44                ax32xx_mjpB_Ctl_init
                0x02033ef8                ax32xx_mjpB_Linebuf_cfg
                0x02033f14                ax32xx_mjpB_dma_cfg
                0x02033f40                ax32xx_mjpB_stop
                0x02033fa8                ax32xx_mjpB_on
                0x02033ff4                ax32xx_mjpB_stop_2
                0x02034048                ax32xx_mjpegB_encode_check
                0x020341bc                ax32xx_mjpB_on_2
                0x020341f4                jpeg1_decode_check
 .text          0x02034290        0x0 ./Debug/resource_user_icon.c.o
 .text          0x02034290        0x0 ./Debug/resource_user_str.c.o
 .text          0x02034290      0x110 ./Debug/src_hal_adc.c.o
                0x02034290                hal_adcInit
                0x020342cc                hal_adcRead
                0x020342f8                hal_adcSetChannel
                0x02034344                hal_adcGetChannel
                0x02034380                hal_adcVDDRTCCalculate
 .text          0x020343a0       0xf0 ./Debug/src_hal_csi.c.o
                0x020343a0                hal_csiMCLKSet
                0x020343c0                hal_csiRegister
                0x020343f4                hal_csiResolutionGet
                0x02034450                hal_csiAdptGet
                0x02034470                hal_csi_SeninitGet
 .text          0x02034490      0x24c ./Debug/src_hal_dac.c.o
                0x020344d8                hal_dacInit
                0x02034530                hal_dacPlayStart
                0x020345dc                hal_dacPlayStop
                0x02034608                hal_dacSetVolume
                0x0203466c                hal_dacSetBuffer
                0x02034690                hal_dacCallBackRegister
                0x020346b4                hal_dacHPSet
 .text          0x020346dc        0x0 ./Debug/src_hal_eeprom.c.o
 .text          0x020346dc      0x2cc ./Debug/src_hal_gpio.c.o
                0x020346dc                hal_gpioInit
                0x02034784                hal_gpioInit_io1d1
                0x0203482c                hal_io1d1_softstart
                0x0203485c                hal_io1d1_softstart_clr
                0x02034884                hal_io1d1_pd_enable
                0x020348ac                hal_gpioEPullSet
                0x02034908                hal_gpioWrite
                0x02034930                hal_gpioRead
                0x02034954                hal_gpioIntInit
                0x0203497c                hal_gpioLedInit
 .text          0x020349a8      0x64c ./Debug/src_hal_iic.c.o
                0x020349a8                hal_iic0Init
                0x020349d4                hal_iic0Uninit
                0x020349f4                hal_iic08bitAddrWriteData
                0x02034a90                hal_iic08bitAddrReadData
                0x02034b48                hal_iic08bitAddrWrite
                0x02034c08                hal_iic08bitAddrRead
                0x02034cdc                hal_iic016bitAddrWriteData
                0x02034d84                hal_iic016bitAddrReadData
                0x02034e48                hal_iic016bitAddrWrite
                0x02034f14                hal_iic016bitAddrRead
 .text          0x02034ff4     0x17e0 ./Debug/src_hal_lcd.c.o
                0x020352bc                hal_lcdSetBufYUV
                0x02035350                hal_lcd_vde_cfg
                0x02035388                hal_lcd_gamma_cfg
                0x0203539c                usb_lcd_cfg
                0x020353b0                lcd_isp_config
                0x020353c4                hal_lcdLCMPowerOff
                0x0203543c                hal_lcdPreviewStop
                0x02035488                hal_lcdSetShowingSize
                0x020354a0                hal_lcdSetRoate
                0x020354b8                hal_lcdDealBuffer
                0x0203556c                hal_lcdGetShowingBuffer
                0x020355d0                hal_lcdGetIdleBuffer
                0x02035610                hal_lcdPreviewStart
                0x02035754                hal_lcdSetFrame
                0x0203577c                vch_debug
                0x02035868                hal_lcdSetVCH
                0x02035940                hal_lcdUpdataVCH
                0x02035a3c                hal_lcdSwitchFrame2
                0x02035cbc                hal_lcdPreSetPIPEnable
                0x02035cdc                hal_lcdSetPIPEnable
                0x02035d14                hal_lcdGetResolution
                0x02035d98                hal_lcdGetOSDShowingResolution
                0x02035df4                hal_lcdGetOSDShowingPosition
                0x02035e50                hal_lcdGetShowingRotate
                0x02035e80                hal_lcdGetBufferResolution
                0x02035edc                hal_lcdGetVideoPos
                0x02035f38                deocode_done
                0x02035f98                hal_lcd_get_next_frame
                0x02036048                lcd_struct_get
                0x02036068                hal_lcdFrameEndCallBack
                0x020360b4                hal_lcdRegister
                0x02036750                hal_lcd_lsawtooth
                0x02036770                hal_lcdSetCsiCrop
 .text          0x020367d4      0x75c ./Debug/src_hal_osd.c.o
                0x020367d4                hal_osdGetIdleRotateBuffer
                0x020367f8                hal_osdGetIdleCmpBuffer
                0x0203681c                hal_osdGetIdleDispBuffer
                0x02036840                hal_osdBufferRelease
                0x02036868                hal_osdDealBuffer
                0x020368e8                hal_osdInit
                0x02036b8c                hal_osdGetCurBuff
                0x02036bcc                hal_osdGetFreeBuff
                0x02036c1c                hal_osdSetBuff
                0x02036c84                hal_osdEnable
                0x02036cc0                hal_osdSetAddr
                0x02036cfc                hal_osdSetBuffer
                0x02036d7c                hal_osdSetPosition
                0x02036dc4                hal_osdSetPalette
                0x02036dfc                hal_osdSetSize
                0x02036e3c                hal_osdSetAlpha
                0x02036e7c                hal_osdGetBufferResolution
                0x02036ee0                hal_deSet_DE_CCM
                0x02036f08                hal_deSet_DE_SAJ
 .text          0x02036f30      0xc88 ./Debug/src_hal_rtc.c.o
                0x02036f5c                hal_rtcCallBackRegister
                0x02036fbc                hal_rtcCallBackRelease
                0x02036ff8                hal_rtcUninit
                0x02037034                hal_rtcTimeGet
                0x02037050                hal_rtcTimeGetExt
                0x02037084                hal_rtcSecondGet
                0x020370a4                hal_rtcTime2String
                0x02037358                hal_rtcTime2StringExt
                0x020373bc                hal_rtcLeapYear
                0x020375d8                hal_rtcTime
                0x020376ec                hal_rtcInit
                0x02037814                hal_rtcSecondSet
                0x02037850                hal_rtcValue
                0x02037960                hal_rtcTimeSet
                0x02037a00                hal_rtcAlarmSet
                0x02037a90                hal_rtcAlarmSetExt
                0x02037b34                hal_rtcAlarmStatusGet
                0x02037b70                hal_vddWKOEnable
                0x02037b94                hal_vddGSENEnable
 .text          0x02037bb8      0xafc ./Debug/src_hal_sd.c.o
                0x02037c54                hal_sdStop
                0x02037ee4                hal_sdNextLBA
                0x02037f04                hal_sdInit
                0x0203838c                hal_sdUninit
                0x020383b8                hal_sdLock
                0x020383f8                hal_sdUnlock
                0x02038424                hal_sdCheck
                0x02038498                hal_sdSetCardState
                0x020384b8                hal_sdGetCardState
                0x020384d8                hal_sdGetBusWidth
                0x020384f8                hal_sdCapacity
                0x02038518                hal_sdExist
                0x02038540                hal_sdWrite
                0x020385e0                hal_speed_callback
                0x02038634                hal_sdRead
 .text          0x020386b4      0xad4 ./Debug/src_hal_spi.c.o
                0x020386b4                hal_spiIOShare
                0x020386cc                hal_spiIOCheck
                0x020386e0                hal_spiInit
                0x0203870c                hal_spiSendByte
                0x02038730                hal_spiSend
                0x02038750                hal_spiRecvByte
                0x02038770                hal_spiRecv
                0x020387b0                hal_spiCSConfig
                0x020387d4                hal_spiFlashReadID
                0x02038834                hal_spiFlashWriteEnable
                0x02038868                hal_spiFlashWait
                0x020388ec                hal_spiFlashReadPage
                0x02038964                hal_spiFlashRead
                0x02038a2c                hal_spiFlashWritePage
                0x02038aac                hal_spiFlashWrite
                0x02038b48                hal_spiFlashEraseSector
                0x02038bb4                hal_spiFlashEraseBlock
                0x02038c18                hal_spiFlashEraseChip
                0x02038c54                spi_udisk_jpg_num
                0x02038c74                spi_udisk_write_jpg
                0x02038ea4                spi_udisk_del_jpg
                0x02038f38                spi_udisk_read_jpg_size
                0x02038f50                spi_udisk_read_jpg
                0x02038fec                spi_udisk_get_list_idx
                0x02039034                spi_udisk_format
                0x020390cc                spi_udisk_init
                0x0203915c                spi_udisk_jpg_free_num
 .text          0x02039188      0x128 ./Debug/src_hal_timer.c.o
                0x02039188                hal_timerStart
                0x020391ac                hal_timerStop
                0x020391d0                hal_timerEnable
                0x02039208                hal_timerTickEnable
                0x02039240                hal_timerTickGet
                0x02039260                hal_timerPWMStart
                0x0203928c                hal_timerPWMStop
 .text          0x020392b0      0x67c ./Debug/src_hal_uart.c.o
                0x02039314                hal_uartIOShare
                0x02039354                hal_uartIOShareCheck
                0x0203939c                hal_uartInit
                0x020393ec                hal_uartSendData
                0x02039410                hal_uartRXIsrRegister
                0x02039430                uart_PutChar_n
                0x02039464                uart_PutStr
                0x020394a4                uart_Put_hex
                0x020395d0                uart_Put_udec
                0x02039664                uart_Put_dec
                0x0203970c                uart_Printf
                0x02039850                uart_PrintfBuf
                0x020398e8                hal_uartPrintString
 .text          0x0203992c      0x64c ./Debug/src_hal_watermark.c.o
                0x02039994                hal_watermarkInit
                0x02039a44                hal_watermarkClose
                0x02039adc                hal_watermarkClear
                0x02039b5c                hal_watermarkOpen
                0x02039bfc                hal_watermarkColor
                0x02039c50                hal_watermarkAddr
                0x02039c68                hal_watermarkSize
                0x02039cb4                hal_watermarkPosition
                0x02039d00                hal_watermarkCallbackRegister
                0x02039d48                hal_watermarkRam
                0x02039de8                hal_watermarkEnable
                0x02039f58                hal_watermarkBPos_Adjust
 .text          0x02039f78      0x3c4 ./Debug/src_hal_sys.c.o
                0x02039fc0                hal_sysInit
                0x0203a0dc                hal_sysMemPrint
                0x0203a10c                hal_sysMemMalloc
                0x0203a1dc                hal_sysMemFree
                0x0203a2d0                hal_sysMemRemain
 .text          0x0203a33c      0xa74 ./Debug/src_hal_auadc.c.o
                0x0203a33c                _hal_auadcCallBackEnd
                0x0203a438                _hal_auadcCallBackHalf
                0x0203a490                hal_audc_33ms_syncnt_clr
                0x0203a4bc                hal_audc_stamp_cal
                0x0203a4e8                hal_audc_stamp_out
                0x0203a53c                hal_audc_stamp_next
                0x0203a598                hal_auadcCallBackEnd
                0x0203a614                hal_auadcInit
                0x0203a65c                hal_auadcMemInit
                0x0203a700                hal_auadcMemUninit
                0x0203a774                hal_auadc_cnt
                0x0203a7a4                _hal_auadcStartForUAC
                0x0203a884                hal_auadcStartForWAV
                0x0203a89c                hal_auadcStartForAVI
                0x0203a9c0                hal_auadcBufferGet
                0x0203aaa0                hal_auadcBufferfree
                0x0203aacc                hal_auadcStop
                0x0203aaf4                hal_auadcBufferRelease
                0x0203ab1c                hal_auadcUACProcess
                0x0203abfc                hal_adcBuffer_prefull
                0x0203ac60                hal_adcBuffer_halffull
                0x0203ac78                hal_adc_volume_set
                0x0203ac98                hal_uac_send
                0x0203acfc                hal_auadcStartForUAC
 .text          0x0203adb0     0x3230 ./Debug/src_hal_mjpeg.c.o
                0x0203adb0                hal_mjpegStart
                0x0203ade0                hal_save_frame_isr
                0x0203af8c                hal_mjpeg_manual_on
                0x0203b00c                hal_mjpegQualityCheck
                0x0203b0d4                hal_mjpegCallback_state
                0x0203b110                hal_mjpegCallback
                0x0203b35c                hal_mjpeg_manual_fdown
                0x0203b780                hal_jA_fcnt_get
                0x0203b7b0                hal_mjpeg_mallocbuf
                0x0203b7d0                hal_mjpegEncodeResolutionImageQuad
                0x0203b814                hal_mjpegSrcCSI
                0x0203b958                hal_mjpegSrcRam
                0x0203b96c                hal_mjpegSrcColorBar
                0x0203b9f4                hal_Cut_SDR_SrcCSI
                0x0203bac8                hal_mjpegMemInit
                0x0203bc18                hal_mjpegMemUninit
                0x0203bc98                hal_mjpegEncodeInit
                0x0203bcfc                hal_mjpegEncodeUninit
                0x0203bd4c                hal_mjpegEncodeResolution
                0x0203bd88                hal_mjpegEncodeResolutionImage
                0x0203bdc4                hal_mjpegSizecalculate
                0x0203bdf0                imageGetYuvAddr
                0x0203be24                hal_mjpeg_get_num
                0x0203be44                imageGetYuvLen
                0x0203be64                hal_mjpeg_rev_buf_init
                0x0203bf20                hal_mjpeg_rev_buf_malloc
                0x0203bf8c                hal_mjpeg_rev_buf_free
                0x0203bfd8                hal_mjpeg_queue_init
                0x0203c078                hal_mjpeg_post_msg
                0x0203c108                hal_mjpeg_manual_quad_on
                0x0203c170                hal_mjpeg_manual_quad_fdown
                0x0203c378                hal_mjpeg_manual_get_csi_yuv_sta
                0x0203c398                hal_mjpeg_software_handle_csi_yuvbuf
                0x0203c400                hal_mjpegUVCStart
                0x0203c710                hal_mjpegPhotoStart
                0x0203cb04                hal_mjpegAVIStart
                0x0203cf20                hal_mjpegRawDataGet
                0x0203cf38                hal_mjpegRawBuffer_prefull
                0x0203cfa8                hal_mjpegRawBuffer_halffull
                0x0203d018                hal_mjpegRawBufferfree
                0x0203d040                hal_mjpegRawBufferGet
                0x0203d1b0                hal_mjpegRawDataSet
                0x0203d1d8                hal_mjpegHeaderParse
                0x0203d864                hal_mjpegDecodeGetResolution
                0x0203d8ac                hal_mjpegDecodeSetResolution
                0x0203d8d0                hal_mjpeglDecodeGetResolution
                0x0203d908                hal_mjpeglDecodeSetResolution
                0x0203d934                hal_mjpegDecodeStatusCheck
                0x0203d954                hal_mjpegDecodeErrorCheck
                0x0203d974                hal_mjpegDecodeMiniSize
                0x0203daf8                hal_mjpegDecodeStop
                0x0203db18                hal_mjpegDecodeReset
                0x0203db44                hal_mjpegDecodePicture
                0x0203dbb4                hal_mjpegDecodeNoIsr
                0x0203dc20                hal_mjpg_scale_down
                0x0203dd38                hal_mjpegDecodeParse
                0x0203dd68                hal_mjpegDecodeOneFrame
                0x0203ddc0                hal_mjpegDecodeOneFrame_Ext
                0x0203de48                hal_mjpegDecodeRestart_Ext
                0x0203deb4                hal_mjpegDecodeOneFrame_Fast
                0x0203df78                hal_mjpegDecodeODma1Cfg
                0x0203df9c                hal_curBuffer_clear
 .text          0x0203dfe0       0x34 ./Debug/src_hal_int.c.o
                0x0203dfe0                hal_intInit
 .text          0x0203e014        0x0 ./Debug/src_hal_wdt.c.o
 .text          0x0203e014      0x4bc ./Debug/src_hal_stream.c.o
                0x0203e014                hal_streamInit
                0x0203e10c                hal_streamMalloc
                0x0203e1f4                hal_streamIn_Drop
                0x0203e258                hal_streamIn
                0x0203e2f4                hal_streamOut
                0x0203e380                hal_streamOut_next
                0x0203e410                hal_streamfree
                0x0203e4b8                hal_stream_size
 .text          0x0203e4d0        0x0 ./Debug/src_hal_emi.c.o
 .text          0x0203e4d0      0x1cc ./Debug/src_hal_osdcmp.c.o
                0x0203e56c                hal_osdcmpStart
                0x0203e650                hal_osdcmpInit
                0x0203e678                hal_osdcmpCompOneFrame
 .text          0x0203e69c      0x328 ./Debug/src_hal_rotate.c.o
                0x0203e830                hal_rotateInit
                0x0203e884                hal_rotateAdd
 .text          0x0203e9c4      0xaac ./Debug/src_hal_lcdframe.c.o
                0x0203e9c4                hal_lcdAddrCalculate
                0x0203ea70                hal_dispframeInit
                0x0203f034                hal_dispframeVideoCfg
                0x0203f2b8                hal_dispframeMalloc
                0x0203f34c                hal_dispframeFree
                0x0203f424                hal_dispframeSetCallback
                0x0203f43c                hal_dispframeGetFrameNums
 .text          0x0203f470      0x7c4 ./Debug/src_hal_custom_yuv.c.o
                0x0203f548                hal_custom_frame_init
                0x0203f57c                hal_custom_frame_create
                0x0203f8ec                hal_custom_frame_unit
                0x0203f970                hal_custom_frame_add_enable
                0x0203f9b8                hal_custom_frame_add_lcd
                0x0203fa44                hal_custom_frame_add_mjpeg
 .text          0x0203fc34      0x584 ./Debug/dusb_hal_usb_api.c.o
                0x0203fc34                usb_bulk_tx
                0x0203fc60                usb_bulk_rx
                0x0203fc8c                hal_usbdReset
                0x0203fcbc                usb_uvciso_kick
                0x0203fcec                usb_uvciso_wait_txdown
                0x0203fd10                usb_uaciso_kick
                0x0203fd40                usb_uaciso_wait_txdown
                0x0203fd64                uac_on
                0x0203fd8c                uac_off
                0x0203fdac                usb_fun_reg
                0x0203ff00                hal_usbdInit
                0x0203ff40                hal_usbdUninit
                0x0203ff70                hal_usbdEnable